Archive member included to satisfy reference by file (symbol)

D:/AppData/DevelopTool/GNU-Tools-ARM-Embedded/bin/../lib/gcc/arm-none-eabi/13.3.1/thumb/v7-m/nofp\libg.a(libc_a-exit.o)
                              D:/AppData/DevelopTool/GNU-Tools-ARM-Embedded/bin/../lib/gcc/arm-none-eabi/13.3.1/thumb/v7-m/nofp/crt0.o (exit)
D:/AppData/DevelopTool/GNU-Tools-ARM-Embedded/bin/../lib/gcc/arm-none-eabi/13.3.1/thumb/v7-m/nofp\libg.a(libc_a-findfp.o)
                              D:/AppData/DevelopTool/GNU-Tools-ARM-Embedded/bin/../lib/gcc/arm-none-eabi/13.3.1/thumb/v7-m/nofp\libg.a(libc_a-exit.o) (__stdio_exit_handler)
D:/AppData/DevelopTool/GNU-Tools-ARM-Embedded/bin/../lib/gcc/arm-none-eabi/13.3.1/thumb/v7-m/nofp\libg.a(libc_a-fwalk.o)
                              D:/AppData/DevelopTool/GNU-Tools-ARM-Embedded/bin/../lib/gcc/arm-none-eabi/13.3.1/thumb/v7-m/nofp\libg.a(libc_a-findfp.o) (_fwalk_sglue)
D:/AppData/DevelopTool/GNU-Tools-ARM-Embedded/bin/../lib/gcc/arm-none-eabi/13.3.1/thumb/v7-m/nofp\libg.a(libc_a-printf.o)
                              CMakeFiles/STM32F1_CherryUSB_CubeIDE.elf.dir/Middlewares/CherryUSB/class/cdc/usbd_cdc.c.obj (printf)
D:/AppData/DevelopTool/GNU-Tools-ARM-Embedded/bin/../lib/gcc/arm-none-eabi/13.3.1/thumb/v7-m/nofp\libg.a(libc_a-puts.o)
                              CMakeFiles/STM32F1_CherryUSB_CubeIDE.elf.dir/Middlewares/CherryUSB/core/usbd_core.c.obj (puts)
D:/AppData/DevelopTool/GNU-Tools-ARM-Embedded/bin/../lib/gcc/arm-none-eabi/13.3.1/thumb/v7-m/nofp\libg.a(libc_a-stdio.o)
                              D:/AppData/DevelopTool/GNU-Tools-ARM-Embedded/bin/../lib/gcc/arm-none-eabi/13.3.1/thumb/v7-m/nofp\libg.a(libc_a-findfp.o) (__sread)
D:/AppData/DevelopTool/GNU-Tools-ARM-Embedded/bin/../lib/gcc/arm-none-eabi/13.3.1/thumb/v7-m/nofp\libg.a(libc_a-memset.o)
                              D:/AppData/DevelopTool/GNU-Tools-ARM-Embedded/bin/../lib/gcc/arm-none-eabi/13.3.1/thumb/v7-m/nofp/crt0.o (memset)
D:/AppData/DevelopTool/GNU-Tools-ARM-Embedded/bin/../lib/gcc/arm-none-eabi/13.3.1/thumb/v7-m/nofp\libg.a(libc_a-closer.o)
                              D:/AppData/DevelopTool/GNU-Tools-ARM-Embedded/bin/../lib/gcc/arm-none-eabi/13.3.1/thumb/v7-m/nofp\libg.a(libc_a-stdio.o) (_close_r)
D:/AppData/DevelopTool/GNU-Tools-ARM-Embedded/bin/../lib/gcc/arm-none-eabi/13.3.1/thumb/v7-m/nofp\libg.a(libc_a-reent.o)
                              D:/AppData/DevelopTool/GNU-Tools-ARM-Embedded/bin/../lib/gcc/arm-none-eabi/13.3.1/thumb/v7-m/nofp\libg.a(libc_a-closer.o) (errno)
D:/AppData/DevelopTool/GNU-Tools-ARM-Embedded/bin/../lib/gcc/arm-none-eabi/13.3.1/thumb/v7-m/nofp\libg.a(libc_a-impure.o)
                              D:/AppData/DevelopTool/GNU-Tools-ARM-Embedded/bin/../lib/gcc/arm-none-eabi/13.3.1/thumb/v7-m/nofp\libg.a(libc_a-printf.o) (_impure_ptr)
D:/AppData/DevelopTool/GNU-Tools-ARM-Embedded/bin/../lib/gcc/arm-none-eabi/13.3.1/thumb/v7-m/nofp\libg.a(libc_a-lseekr.o)
                              D:/AppData/DevelopTool/GNU-Tools-ARM-Embedded/bin/../lib/gcc/arm-none-eabi/13.3.1/thumb/v7-m/nofp\libg.a(libc_a-stdio.o) (_lseek_r)
D:/AppData/DevelopTool/GNU-Tools-ARM-Embedded/bin/../lib/gcc/arm-none-eabi/13.3.1/thumb/v7-m/nofp\libg.a(libc_a-readr.o)
                              D:/AppData/DevelopTool/GNU-Tools-ARM-Embedded/bin/../lib/gcc/arm-none-eabi/13.3.1/thumb/v7-m/nofp\libg.a(libc_a-stdio.o) (_read_r)
D:/AppData/DevelopTool/GNU-Tools-ARM-Embedded/bin/../lib/gcc/arm-none-eabi/13.3.1/thumb/v7-m/nofp\libg.a(libc_a-writer.o)
                              D:/AppData/DevelopTool/GNU-Tools-ARM-Embedded/bin/../lib/gcc/arm-none-eabi/13.3.1/thumb/v7-m/nofp\libg.a(libc_a-stdio.o) (_write_r)
D:/AppData/DevelopTool/GNU-Tools-ARM-Embedded/bin/../lib/gcc/arm-none-eabi/13.3.1/thumb/v7-m/nofp\libg.a(libc_a-errno.o)
                              CMakeFiles/STM32F1_CherryUSB_CubeIDE.elf.dir/Core/Src/syscalls.c.obj (__errno)
D:/AppData/DevelopTool/GNU-Tools-ARM-Embedded/bin/../lib/gcc/arm-none-eabi/13.3.1/thumb/v7-m/nofp\libg.a(libc_a-init.o)
                              D:/AppData/DevelopTool/GNU-Tools-ARM-Embedded/bin/../lib/gcc/arm-none-eabi/13.3.1/thumb/v7-m/nofp/crt0.o (__libc_init_array)
D:/AppData/DevelopTool/GNU-Tools-ARM-Embedded/bin/../lib/gcc/arm-none-eabi/13.3.1/thumb/v7-m/nofp\libg.a(libc_a-lock.o)
                              D:/AppData/DevelopTool/GNU-Tools-ARM-Embedded/bin/../lib/gcc/arm-none-eabi/13.3.1/thumb/v7-m/nofp\libg.a(libc_a-findfp.o) (__retarget_lock_init_recursive)
D:/AppData/DevelopTool/GNU-Tools-ARM-Embedded/bin/../lib/gcc/arm-none-eabi/13.3.1/thumb/v7-m/nofp\libg.a(libc_a-memcpy.o)
                              CMakeFiles/STM32F1_CherryUSB_CubeIDE.elf.dir/Middlewares/CherryUSB/class/cdc/usbd_cdc.c.obj (memcpy)
D:/AppData/DevelopTool/GNU-Tools-ARM-Embedded/bin/../lib/gcc/arm-none-eabi/13.3.1/thumb/v7-m/nofp\libg.a(libc_a-strlen-stub.o)
[...]
Memory Configuration

Name             Origin             Length             Attributes
RAM              0x20000000         0x00010000         xrw
FLASH            0x08000000         0x00080000         xr
*default*        0x00000000         0xffffffff

Linker script and memory map

LOAD D:/AppData/DevelopTool/GNU-Tools-ARM-Embedded/bin/../lib/gcc/arm-none-eabi/13.3.1/thumb/v7-m/nofp/crti.o
LOAD D:/AppData/DevelopTool/GNU-Tools-ARM-Embedded/bin/../lib/gcc/arm-none-eabi/13.3.1/thumb/v7-m/nofp/crtbegin.o
LOAD D:/AppData/DevelopTool/GNU-Tools-ARM-Embedded/bin/../lib/gcc/arm-none-eabi/13.3.1/thumb/v7-m/nofp/crt0.o
LOAD CMakeFiles/STM32F1_CherryUSB_CubeIDE.elf.dir/Core/Src/gpio.c.obj
LOAD CMakeFiles/STM32F1_CherryUSB_CubeIDE.elf.dir/Core/Src/main.c.obj
LOAD CMakeFiles/STM32F1_CherryUSB_CubeIDE.elf.dir/Core/Src/stm32f1xx_hal_msp.c.obj
LOAD CMakeFiles/STM32F1_CherryUSB_CubeIDE.elf.dir/Core/Src/stm32f1xx_it.c.obj
LOAD CMakeFiles/STM32F1_CherryUSB_CubeIDE.elf.dir/Core/Src/syscalls.c.obj
LOAD CMakeFiles/STM32F1_CherryUSB_CubeIDE.elf.dir/Core/Src/sysmem.c.obj
LOAD CMakeFiles/STM32F1_CherryUSB_CubeIDE.elf.dir/Core/Src/system_stm32f1xx.c.obj
LOAD CMakeFiles/STM32F1_CherryUSB_CubeIDE.elf.dir/Core/Src/usart.c.obj
LOAD CMakeFiles/STM32F1_CherryUSB_CubeIDE.elf.dir/Core/Src/usb.c.obj
LOAD CMakeFiles/STM32F1_CherryUSB_CubeIDE.elf.dir/Core/Startup/startup_stm32f103zetx.s.obj
LOAD CMakeFiles/STM32F1_CherryUSB_CubeIDE.elf.dir/Drivers/STM32F1xx_HAL_Driver/Src/stm32f1xx_hal.c.obj
LOAD CMakeFiles/STM32F1_CherryUSB_CubeIDE.elf.dir/Drivers/STM32F1xx_HAL_Driver/Src/stm32f1xx_hal_cortex.c.obj
LOAD CMakeFiles/STM32F1_CherryUSB_CubeIDE.elf.dir/Drivers/STM32F1xx_HAL_Driver/Src/stm32f1xx_hal_dma.c.obj
LOAD CMakeFiles/STM32F1_CherryUSB_CubeIDE.elf.dir/Drivers/STM32F1xx_HAL_Driver/Src/stm32f1xx_hal_exti.c.obj
LOAD CMakeFiles/STM32F1_CherryUSB_CubeIDE.elf.dir/Drivers/STM32F1xx_HAL_Driver/Src/stm32f1xx_hal_flash.c.obj
LOAD CMakeFiles/STM32F1_CherryUSB_CubeIDE.elf.dir/Drivers/STM32F1xx_HAL_Driver/Src/stm32f1xx_hal_flash_ex.c.obj
LOAD CMakeFiles/STM32F1_CherryUSB_CubeIDE.elf.dir/Drivers/STM32F1xx_HAL_Driver/Src/stm32f1xx_hal_gpio.c.obj
LOAD CMakeFiles/STM32F1_CherryUSB_CubeIDE.elf.dir/Drivers/STM32F1xx_HAL_Driver/Src/stm32f1xx_hal_gpio_ex.c.obj
LOAD CMakeFiles/STM32F1_CherryUSB_CubeIDE.elf.dir/Drivers/STM32F1xx_HAL_Driver/Src/stm32f1xx_hal_pcd.c.obj
LOAD CMakeFiles/STM32F1_CherryUSB_CubeIDE.elf.dir/Drivers/STM32F1xx_HAL_Driver/Src/stm32f1xx_hal_pcd_ex.c.obj
LOAD CMakeFiles/STM32F1_CherryUSB_CubeIDE.elf.dir/Drivers/STM32F1xx_HAL_Driver/Src/stm32f1xx_hal_pwr.c.obj
LOAD CMakeFiles/STM32F1_CherryUSB_CubeIDE.elf.dir/Drivers/STM32F1xx_HAL_Driver/Src/stm32f1xx_hal_rcc.c.obj
LOAD CMakeFiles/STM32F1_CherryUSB_CubeIDE.elf.dir/Drivers/STM32F1xx_HAL_Driver/Src/stm32f1xx_hal_rcc_ex.c.obj
LOAD CMakeFiles/STM32F1_CherryUSB_CubeIDE.elf.dir/Drivers/STM32F1xx_HAL_Driver/Src/stm32f1xx_hal_tim.c.obj
LOAD CMakeFiles/STM32F1_CherryUSB_CubeIDE.elf.dir/Drivers/STM32F1xx_HAL_Driver/Src/stm32f1xx_hal_tim_ex.c.obj
LOAD CMakeFiles/STM32F1_CherryUSB_CubeIDE.elf.dir/Drivers/STM32F1xx_HAL_Driver/Src/stm32f1xx_hal_uart.c.obj
LOAD CMakeFiles/STM32F1_CherryUSB_CubeIDE.elf.dir/Drivers/STM32F1xx_HAL_Driver/Src/stm32f1xx_ll_usb.c.obj
LOAD CMakeFiles/STM32F1_CherryUSB_CubeIDE.elf.dir/Middlewares/CherryUSB/class/cdc/usbd_cdc.c.obj
LOAD CMakeFiles/STM32F1_CherryUSB_CubeIDE.elf.dir/Middlewares/CherryUSB/core/usbd_core.c.obj
LOAD CMakeFiles/STM32F1_CherryUSB_CubeIDE.elf.dir/Middlewares/CherryUSB/demo/cdc_acm_template.c.obj
LOAD CMakeFiles/STM32F1_CherryUSB_CubeIDE.elf.dir/Middlewares/CherryUSB/port/fsdev/usb_dc_fsdev.c.obj
START GROUP
LOAD D:/AppData/DevelopTool/GNU-Tools-ARM-Embedded/bin/../lib/gcc/arm-none-eabi/13.3.1/thumb/v7-m/nofp\libgcc.a
LOAD D:/AppData/DevelopTool/GNU-Tools-ARM-Embedded/bin/../lib/gcc/arm-none-eabi/13.3.1/thumb/v7-m/nofp\libg.a
LOAD D:/AppData/DevelopTool/GNU-Tools-ARM-Embedded/bin/../lib/gcc/arm-none-eabi/13.3.1/thumb/v7-m/nofp\libc.a
END GROUP
LOAD D:/AppData/DevelopTool/GNU-Tools-ARM-Embedded/bin/../lib/gcc/arm-none-eabi/13.3.1/thumb/v7-m/nofp/crtend.o
LOAD D:/AppData/DevelopTool/GNU-Tools-ARM-Embedded/bin/../lib/gcc/arm-none-eabi/13.3.1/thumb/v7-m/nofp/crtn.o
                0x20010000                        _estack = (ORIGIN (RAM) + LENGTH (RAM))
                0x00000200                        _Min_Heap_Size = 0x200
                0x00000400                        _Min_Stack_Size = 0x400

.isr_vector     0x08000000      0x1e4
                0x08000000                        . = ALIGN (0x4)
 *(.isr_vector)
 .isr_vector    0x08000000      0x1e4 CMakeFiles/STM32F1_CherryUSB_CubeIDE.elf.dir/Core/Startup/startup_stm32f103zetx.s.obj
                0x08000000                g_pfnVectors
                0x080001e4                        . = ALIGN (0x4)

.text           0x080001e8     0x9e9c
                0x080001e8                        . = ALIGN (0x4)
 *(.text)
 .text          0x080001e8       0xec D:/AppData/DevelopTool/GNU-Tools-ARM-Embedded/bin/../lib/gcc/arm-none-eabi/13.3.1/thumb/v7-m/nofp\libg.a(libc_a-memcpy.o)
                0x080001e8                memcpy
 .text          0x080002d4      0x378 D:/AppData/DevelopTool/GNU-Tools-ARM-Embedded/bin/../lib/gcc/arm-none-eabi/13.3.1/thumb/v7-m/nofp\libgcc.a(_arm_addsubdf3.o)
                0x080002d4                __aeabi_drsub
                0x080002dc                __aeabi_dsub
                0x080002dc                __subdf3
                0x080002e0                __aeabi_dadd
                0x080002e0                __adddf3
                0x08000558                __floatunsidf
                0x08000558                __aeabi_ui2d
                0x08000578                __floatsidf
                0x08000578                __aeabi_i2d
                0x0800059c                __aeabi_f2d
                0x0800059c                __extendsfdf2
                0x080005e0                __floatundidf
                0x080005e0                __aeabi_ul2d
                0x080005f0                __floatdidf
                0x080005f0                __aeabi_l2d
 .text          0x0800064c      0x424 D:/AppData/DevelopTool/GNU-Tools-ARM-Embedded/bin/../lib/gcc/arm-none-eabi/13.3.1/thumb/v7-m/nofp\libgcc.a(_arm_muldivdf3.o)
                0x0800064c                __aeabi_dmul
                0x0800064c                __muldf3
                0x080008a0                __divdf3
                0x080008a0                __aeabi_ddiv
 .text          0x08000a70      0x110 D:/AppData/DevelopTool/GNU-Tools-ARM-Embedded/bin/../lib/gcc/arm-none-eabi/13.3.1/thumb/v7-m/nofp\libgcc.a(_arm_cmpdf2.o)
                0x08000a70                __gtdf2
                0x08000a70                __gedf2
                0x08000a78                __ltdf2
                0x08000a78                __ledf2
                0x08000a80                __nedf2
                0x08000a80                __eqdf2
                0x08000a80                __cmpdf2
                0x08000afc                __aeabi_cdrcmple
                0x08000b0c                __aeabi_cdcmpeq
                0x08000b0c                __aeabi_cdcmple
                0x08000b1c                __aeabi_dcmpeq
                0x08000b30                __aeabi_dcmplt
                0x08000b44                __aeabi_dcmple
                0x08000b58                __aeabi_dcmpge
                0x08000b6c                __aeabi_dcmpgt
 .text          0x08000b80       0x2c D:/AppData/DevelopTool/GNU-Tools-ARM-Embedded/bin/../lib/gcc/arm-none-eabi/13.3.1/thumb/v7-m/nofp\libgcc.a(_arm_unorddf2.o)
                0x08000b80                __unorddf2
                0x08000b80                __aeabi_dcmpun
 .text          0x08000bac       0x50 D:/AppData/DevelopTool/GNU-Tools-ARM-Embedded/bin/../lib/gcc/arm-none-eabi/13.3.1/thumb/v7-m/nofp\libgcc.a(_arm_fixdfsi.o)
                0x08000bac                __aeabi_d2iz
                0x08000bac                __fixdfsi
 *(.text*)
 .text.deregister_tm_clones
                0x08000bfc       0x1c D:/AppData/DevelopTool/GNU-Tools-ARM-Embedded/bin/../lib/gcc/arm-none-eabi/13.3.1/thumb/v7-m/nofp/crtbegin.o
 .text.register_tm_clones
                0x08000c18       0x24 D:/AppData/DevelopTool/GNU-Tools-ARM-Embedded/bin/../lib/gcc/arm-none-eabi/13.3.1/thumb/v7-m/nofp/crtbegin.o
 .text.__do_global_dtors_aux
                0x08000c3c       0x28 D:/AppData/DevelopTool/GNU-Tools-ARM-Embedded/bin/../lib/gcc/arm-none-eabi/13.3.1/thumb/v7-m/nofp/crtbegin.o
 .text.frame_dummy
                0x08000c64       0x24 D:/AppData/DevelopTool/GNU-Tools-ARM-Embedded/bin/../lib/gcc/arm-none-eabi/13.3.1/thumb/v7-m/nofp/crtbegin.o
 .text.MX_GPIO_Init
                0x08000c88       0x20 CMakeFiles/STM32F1_CherryUSB_CubeIDE.elf.dir/Core/Src/gpio.c.obj
                0x08000c88                MX_GPIO_Init
 .text.usb_dc_low_level_init
                0x08000ca8       0x34 CMakeFiles/STM32F1_CherryUSB_CubeIDE.elf.dir/Core/Src/main.c.obj
                0x08000ca8                usb_dc_low_level_init
 .text.Error_Handler
                0x08000cdc        0x4 CMakeFiles/STM32F1_CherryUSB_CubeIDE.elf.dir/Core/Src/main.c.obj
                0x08000cdc                Error_Handler
 .text.SystemClock_Config
                0x08000ce0       0x84 CMakeFiles/STM32F1_CherryUSB_CubeIDE.elf.dir/Core/Src/main.c.obj
                0x08000ce0                SystemClock_Config
 .text.main     0x08000d64       0x2c CMakeFiles/STM32F1_CherryUSB_CubeIDE.elf.dir/Core/Src/main.c.obj
                0x08000d64                main
 .text.HAL_MspInit
                0x08000d90       0x44 CMakeFiles/STM32F1_CherryUSB_CubeIDE.elf.dir/Core/Src/stm32f1xx_hal_msp.c.obj
                0x08000d90                HAL_MspInit
 .text.NMI_Handler
                0x08000dd4        0x2 CMakeFiles/STM32F1_CherryUSB_CubeIDE.elf.dir/Core/Src/stm32f1xx_it.c.obj
                0x08000dd4                NMI_Handler
 .text.HardFault_Handler
                0x08000dd6        0x2 CMakeFiles/STM32F1_CherryUSB_CubeIDE.elf.dir/Core/Src/stm32f1xx_it.c.obj
                0x08000dd6                HardFault_Handler
 .text.MemManage_Handler
                0x08000dd8        0x2 CMakeFiles/STM32F1_CherryUSB_CubeIDE.elf.dir/Core/Src/stm32f1xx_it.c.obj
                0x08000dd8                MemManage_Handler
 .text.BusFault_Handler
                0x08000dda        0x2 CMakeFiles/STM32F1_CherryUSB_CubeIDE.elf.dir/Core/Src/stm32f1xx_it.c.obj
                0x08000dda                BusFault_Handler
 .text.UsageFault_Handler
                0x08000ddc        0x2 CMakeFiles/STM32F1_CherryUSB_CubeIDE.elf.dir/Core/Src/stm32f1xx_it.c.obj
                0x08000ddc                UsageFault_Handler
 .text.SVC_Handler
                0x08000dde        0x2 CMakeFiles/STM32F1_CherryUSB_CubeIDE.elf.dir/Core/Src/stm32f1xx_it.c.obj
                0x08000dde                SVC_Handler
 .text.DebugMon_Handler
                0x08000de0        0x2 CMakeFiles/STM32F1_CherryUSB_CubeIDE.elf.dir/Core/Src/stm32f1xx_it.c.obj
                0x08000de0                DebugMon_Handler
 .text.PendSV_Handler
                0x08000de2        0x2 CMakeFiles/STM32F1_CherryUSB_CubeIDE.elf.dir/Core/Src/stm32f1xx_it.c.obj
                0x08000de2                PendSV_Handler
 .text.SysTick_Handler
                0x08000de4        0x8 CMakeFiles/STM32F1_CherryUSB_CubeIDE.elf.dir/Core/Src/stm32f1xx_it.c.obj
                0x08000de4                SysTick_Handler
 .text.USB_LP_CAN1_RX0_IRQHandler
                0x08000dec        0xa CMakeFiles/STM32F1_CherryUSB_CubeIDE.elf.dir/Core/Src/stm32f1xx_it.c.obj
                0x08000dec                USB_LP_CAN1_RX0_IRQHandler
 *fill*         0x08000df6        0x2 
 .text.USART1_IRQHandler
                0x08000df8       0x10 CMakeFiles/STM32F1_CherryUSB_CubeIDE.elf.dir/Core/Src/stm32f1xx_it.c.obj
                0x08000df8                USART1_IRQHandler
 .text._getpid  0x08000e08        0x4 CMakeFiles/STM32F1_CherryUSB_CubeIDE.elf.dir/Core/Src/syscalls.c.obj
                0x08000e08                _getpid
 .text._kill    0x08000e0c       0x10 CMakeFiles/STM32F1_CherryUSB_CubeIDE.elf.dir/Core/Src/syscalls.c.obj
                0x08000e0c                _kill
 .text._exit    0x08000e1c        0xc CMakeFiles/STM32F1_CherryUSB_CubeIDE.elf.dir/Core/Src/syscalls.c.obj
                0x08000e1c                _exit
 .text._read    0x08000e28       0x20 CMakeFiles/STM32F1_CherryUSB_CubeIDE.elf.dir/Core/Src/syscalls.c.obj
                0x08000e28                _read
 .text._write   0x08000e48       0x1c CMakeFiles/STM32F1_CherryUSB_CubeIDE.elf.dir/Core/Src/syscalls.c.obj
                0x08000e48                _write
 .text._close   0x08000e64        0x6 CMakeFiles/STM32F1_CherryUSB_CubeIDE.elf.dir/Core/Src/syscalls.c.obj
                0x08000e64                _close
 .text._fstat   0x08000e6a        0xa CMakeFiles/STM32F1_CherryUSB_CubeIDE.elf.dir/Core/Src/syscalls.c.obj
                0x08000e6a                _fstat
 .text._isatty  0x08000e74        0x4 CMakeFiles/STM32F1_CherryUSB_CubeIDE.elf.dir/Core/Src/syscalls.c.obj
                0x08000e74                _isatty
 .text._lseek   0x08000e78        0x4 CMakeFiles/STM32F1_CherryUSB_CubeIDE.elf.dir/Core/Src/syscalls.c.obj
                0x08000e78                _lseek
 .text._sbrk    0x08000e7c       0x48 CMakeFiles/STM32F1_CherryUSB_CubeIDE.elf.dir/Core/Src/sysmem.c.obj
                0x08000e7c                _sbrk
 .text.SystemInit
                0x08000ec4        0x2 CMakeFiles/STM32F1_CherryUSB_CubeIDE.elf.dir/Core/Src/system_stm32f1xx.c.obj
                0x08000ec4                SystemInit
 *fill*         0x08000ec6        0x2 
 .text.MX_USART1_UART_Init
                0x08000ec8       0x34 CMakeFiles/STM32F1_CherryUSB_CubeIDE.elf.dir/Core/Src/usart.c.obj
                0x08000ec8                MX_USART1_UART_Init
 .text.HAL_UART_MspInit
                0x08000efc       0x88 CMakeFiles/STM32F1_CherryUSB_CubeIDE.elf.dir/Core/Src/usart.c.obj
                0x08000efc                HAL_UART_MspInit
 .text.__io_putchar
                0x08000f84       0x20 CMakeFiles/STM32F1_CherryUSB_CubeIDE.elf.dir/Core/Src/usart.c.obj
                0x08000f84                __io_putchar
 .text.Reset_Handler
                0x08000fa4       0x48 CMakeFiles/STM32F1_CherryUSB_CubeIDE.elf.dir/Core/Startup/startup_stm32f103zetx.s.obj
                0x08000fa4                Reset_Handler
 .text.Default_Handler
                0x08000fec        0x2 CMakeFiles/STM32F1_CherryUSB_CubeIDE.elf.dir/Core/Startup/startup_stm32f103zetx.s.obj
                0x08000fec                RTC_Alarm_IRQHandler
                0x08000fec                EXTI2_IRQHandler
                0x08000fec                TIM8_TRG_COM_IRQHandler
                0x08000fec                TIM8_CC_IRQHandler
                0x08000fec                TIM1_CC_IRQHandler
                0x08000fec                TIM6_IRQHandler
                0x08000fec                PVD_IRQHandler
                0x08000fec                SDIO_IRQHandler
                0x08000fec                EXTI3_IRQHandler
                0x08000fec                EXTI0_IRQHandler
                0x08000fec                I2C2_EV_IRQHandler
                0x08000fec                ADC1_2_IRQHandler
                0x08000fec                SPI1_IRQHandler
                0x08000fec                TAMPER_IRQHandler
                0x08000fec                TIM8_UP_IRQHandler
                0x08000fec                DMA2_Channel2_IRQHandler
                0x08000fec                DMA1_Channel4_IRQHandler
                0x08000fec                USART3_IRQHandler
                0x08000fec                RTC_IRQHandler
                0x08000fec                DMA1_Channel7_IRQHandler
                0x08000fec                CAN1_RX1_IRQHandler
                0x08000fec                UART5_IRQHandler
                0x08000fec                ADC3_IRQHandler
                0x08000fec                TIM4_IRQHandler
                0x08000fec                DMA2_Channel1_IRQHandler
                0x08000fec                I2C1_EV_IRQHandler
                0x08000fec                DMA1_Channel6_IRQHandler
                0x08000fec                UART4_IRQHandler
                0x08000fec                TIM3_IRQHandler
                0x08000fec                RCC_IRQHandler
                0x08000fec                TIM1_TRG_COM_IRQHandler
                0x08000fec                DMA1_Channel1_IRQHandler
                0x08000fec                Default_Handler
                0x08000fec                EXTI15_10_IRQHandler
                0x08000fec                TIM7_IRQHandler
                0x08000fec                TIM5_IRQHandler
                0x08000fec                EXTI9_5_IRQHandler
                0x08000fec                SPI2_IRQHandler
                0x08000fec                DMA1_Channel5_IRQHandler
                0x08000fec                EXTI4_IRQHandler
                0x08000fec                USB_HP_CAN1_TX_IRQHandler
                0x08000fec                DMA1_Channel3_IRQHandler
                0x08000fec                FSMC_IRQHandler
                0x08000fec                TIM1_UP_IRQHandler
                0x08000fec                WWDG_IRQHandler
                0x08000fec                TIM2_IRQHandler
                0x08000fec                TIM1_BRK_IRQHandler
                0x08000fec                EXTI1_IRQHandler
                0x08000fec                DMA2_Channel4_5_IRQHandler
                0x08000fec                USART2_IRQHandler
                0x08000fec                I2C2_ER_IRQHandler
                0x08000fec                DMA1_Channel2_IRQHandler
                0x08000fec                TIM8_BRK_IRQHandler
                0x08000fec                CAN1_SCE_IRQHandler
                0x08000fec                FLASH_IRQHandler
                0x08000fec                SPI3_IRQHandler
                0x08000fec                I2C1_ER_IRQHandler
                0x08000fec                USBWakeUp_IRQHandler
                0x08000fec                DMA2_Channel3_IRQHandler
 *fill*         0x08000fee        0x2 
 .text.HAL_InitTick
                0x08000ff0       0x4c CMakeFiles/STM32F1_CherryUSB_CubeIDE.elf.dir/Drivers/STM32F1xx_HAL_Driver/Src/stm32f1xx_hal.c.obj
                0x08000ff0                HAL_InitTick
 .text.HAL_Init
                0x0800103c       0x24 CMakeFiles/STM32F1_CherryUSB_CubeIDE.elf.dir/Drivers/STM32F1xx_HAL_Driver/Src/stm32f1xx_hal.c.obj
                0x0800103c                HAL_Init
 .text.HAL_IncTick
                0x08001060       0x18 CMakeFiles/STM32F1_CherryUSB_CubeIDE.elf.dir/Drivers/STM32F1xx_HAL_Driver/Src/stm32f1xx_hal.c.obj
                0x08001060                HAL_IncTick
 .text.HAL_GetTick
                0x08001078        0xc CMakeFiles/STM32F1_CherryUSB_CubeIDE.elf.dir/Drivers/STM32F1xx_HAL_Driver/Src/stm32f1xx_hal.c.obj
                0x08001078                HAL_GetTick
 .text.HAL_Delay
                0x08001084       0x28 CMakeFiles/STM32F1_CherryUSB_CubeIDE.elf.dir/Drivers/STM32F1xx_HAL_Driver/Src/stm32f1xx_hal.c.obj
                0x08001084                HAL_Delay
 .text.__NVIC_SetPriority
                0x080010ac       0x28 CMakeFiles/STM32F1_CherryUSB_CubeIDE.elf.dir/Drivers/STM32F1xx_HAL_Driver/Src/stm32f1xx_hal_cortex.c.obj
 .text.NVIC_EncodePriority
                0x080010d4       0x3e CMakeFiles/STM32F1_CherryUSB_CubeIDE.elf.dir/Drivers/STM32F1xx_HAL_Driver/Src/stm32f1xx_hal_cortex.c.obj
 *fill*         0x08001112        0x2 
 .text.HAL_NVIC_SetPriorityGrouping
                0x08001114       0x24 CMakeFiles/STM32F1_CherryUSB_CubeIDE.elf.dir/Drivers/STM32F1xx_HAL_Driver/Src/stm32f1xx_hal_cortex.c.obj
                0x08001114                HAL_NVIC_SetPriorityGrouping
 .text.HAL_NVIC_SetPriority
                0x08001138       0x20 CMakeFiles/STM32F1_CherryUSB_CubeIDE.elf.dir/Drivers/STM32F1xx_HAL_Driver/Src/stm32f1xx_hal_cortex.c.obj
                0x08001138                HAL_NVIC_SetPriority
 .text.HAL_NVIC_EnableIRQ
                0x08001158       0x1c CMakeFiles/STM32F1_CherryUSB_CubeIDE.elf.dir/Drivers/STM32F1xx_HAL_Driver/Src/stm32f1xx_hal_cortex.c.obj
                0x08001158                HAL_NVIC_EnableIRQ
 .text.HAL_SYSTICK_Config
                0x08001174       0x28 CMakeFiles/STM32F1_CherryUSB_CubeIDE.elf.dir/Drivers/STM32F1xx_HAL_Driver/Src/stm32f1xx_hal_cortex.c.obj
                0x08001174                HAL_SYSTICK_Config
 .text.HAL_DMA_Abort
                0x0800119c       0x46 CMakeFiles/STM32F1_CherryUSB_CubeIDE.elf.dir/Drivers/STM32F1xx_HAL_Driver/Src/stm32f1xx_hal_dma.c.obj
                0x0800119c                HAL_DMA_Abort
 *fill*         0x080011e2        0x2 
 .text.HAL_DMA_Abort_IT
                0x080011e4      0x16c CMakeFiles/STM32F1_CherryUSB_CubeIDE.elf.dir/Drivers/STM32F1xx_HAL_Driver/Src/stm32f1xx_hal_dma.c.obj
                0x080011e4                HAL_DMA_Abort_IT
 .text.HAL_GPIO_Init
                0x08001350      0x238 CMakeFiles/STM32F1_CherryUSB_CubeIDE.elf.dir/Drivers/STM32F1xx_HAL_Driver/Src/stm32f1xx_hal_gpio.c.obj
                0x08001350                HAL_GPIO_Init
 .text.RCC_Delay
                0x08001588       0x2c CMakeFiles/STM32F1_CherryUSB_CubeIDE.elf.dir/Drivers/STM32F1xx_HAL_Driver/Src/stm32f1xx_hal_rcc.c.obj
 .text.HAL_RCC_OscConfig
                0x080015b4      0x410 CMakeFiles/STM32F1_CherryUSB_CubeIDE.elf.dir/Drivers/STM32F1xx_HAL_Driver/Src/stm32f1xx_hal_rcc.c.obj
                0x080015b4                HAL_RCC_OscConfig
 .text.HAL_RCC_GetSysClockFreq
                0x080019c4       0x54 CMakeFiles/STM32F1_CherryUSB_CubeIDE.elf.dir/Drivers/STM32F1xx_HAL_Driver/Src/stm32f1xx_hal_rcc.c.obj
                0x080019c4                HAL_RCC_GetSysClockFreq
 .text.HAL_RCC_ClockConfig
                0x08001a18      0x16c CMakeFiles/STM32F1_CherryUSB_CubeIDE.elf.dir/Drivers/STM32F1xx_HAL_Driver/Src/stm32f1xx_hal_rcc.c.obj
                0x08001a18                HAL_RCC_ClockConfig
 .text.HAL_RCC_GetHCLKFreq
                0x08001b84        0xc CMakeFiles/STM32F1_CherryUSB_CubeIDE.elf.dir/Drivers/STM32F1xx_HAL_Driver/Src/stm32f1xx_hal_rcc.c.obj
                0x08001b84                HAL_RCC_GetHCLKFreq
 .text.HAL_RCC_GetPCLK1Freq
                0x08001b90       0x20 CMakeFiles/STM32F1_CherryUSB_CubeIDE.elf.dir/Drivers/STM32F1xx_HAL_Driver/Src/stm32f1xx_hal_rcc.c.obj
                0x08001b90                HAL_RCC_GetPCLK1Freq
 .text.HAL_RCC_GetPCLK2Freq
                0x08001bb0       0x20 CMakeFiles/STM32F1_CherryUSB_CubeIDE.elf.dir/Drivers/STM32F1xx_HAL_Driver/Src/stm32f1xx_hal_rcc.c.obj
                0x08001bb0                HAL_RCC_GetPCLK2Freq
 .text.HAL_RCCEx_PeriphCLKConfig
                0x08001bd0      0x118 CMakeFiles/STM32F1_CherryUSB_CubeIDE.elf.dir/Drivers/STM32F1xx_HAL_Driver/Src/stm32f1xx_hal_rcc_ex.c.obj
                0x08001bd0                HAL_RCCEx_PeriphCLKConfig
 .text.UART_EndRxTransfer
                0x08001ce8       0x5c CMakeFiles/STM32F1_CherryUSB_CubeIDE.elf.dir/Drivers/STM32F1xx_HAL_Driver/Src/stm32f1xx_hal_uart.c.obj
 .text.UART_Transmit_IT
                0x08001d44       0x60 CMakeFiles/STM32F1_CherryUSB_CubeIDE.elf.dir/Drivers/STM32F1xx_HAL_Driver/Src/stm32f1xx_hal_uart.c.obj
 .text.UART_SetConfig
                0x08001da4       0x94 CMakeFiles/STM32F1_CherryUSB_CubeIDE.elf.dir/Drivers/STM32F1xx_HAL_Driver/Src/stm32f1xx_hal_uart.c.obj
 .text.UART_WaitOnFlagUntilTimeout
                0x08001e38       0x86 CMakeFiles/STM32F1_CherryUSB_CubeIDE.elf.dir/Drivers/STM32F1xx_HAL_Driver/Src/stm32f1xx_hal_uart.c.obj
 .text.HAL_UART_Init
                0x08001ebe       0x60 CMakeFiles/STM32F1_CherryUSB_CubeIDE.elf.dir/Drivers/STM32F1xx_HAL_Driver/Src/stm32f1xx_hal_uart.c.obj
                0x08001ebe                HAL_UART_Init
 .text.HAL_UART_Transmit
                0x08001f1e       0xcc CMakeFiles/STM32F1_CherryUSB_CubeIDE.elf.dir/Drivers/STM32F1xx_HAL_Driver/Src/stm32f1xx_hal_uart.c.obj
                0x08001f1e                HAL_UART_Transmit
 .text.HAL_UART_TxCpltCallback
                0x08001fea        0x2 CMakeFiles/STM32F1_CherryUSB_CubeIDE.elf.dir/Drivers/STM32F1xx_HAL_Driver/Src/stm32f1xx_hal_uart.c.obj
                0x08001fea                HAL_UART_TxCpltCallback
 .text.UART_EndTransmit_IT
                0x08001fec       0x1a CMakeFiles/STM32F1_CherryUSB_CubeIDE.elf.dir/Drivers/STM32F1xx_HAL_Driver/Src/stm32f1xx_hal_uart.c.obj
 .text.HAL_UART_RxCpltCallback
                0x08002006        0x2 CMakeFiles/STM32F1_CherryUSB_CubeIDE.elf.dir/Drivers/STM32F1xx_HAL_Driver/Src/stm32f1xx_hal_uart.c.obj
                0x08002006                HAL_UART_RxCpltCallback
 .text.HAL_UART_ErrorCallback
                0x08002008        0x2 CMakeFiles/STM32F1_CherryUSB_CubeIDE.elf.dir/Drivers/STM32F1xx_HAL_Driver/Src/stm32f1xx_hal_uart.c.obj
                0x08002008                HAL_UART_ErrorCallback
 .text.UART_DMAAbortOnError
                0x0800200a       0x10 CMakeFiles/STM32F1_CherryUSB_CubeIDE.elf.dir/Drivers/STM32F1xx_HAL_Driver/Src/stm32f1xx_hal_uart.c.obj
 .text.HAL_UARTEx_RxEventCallback
                0x0800201a        0x2 CMakeFiles/STM32F1_CherryUSB_CubeIDE.elf.dir/Drivers/STM32F1xx_HAL_Driver/Src/stm32f1xx_hal_uart.c.obj
                0x0800201a                HAL_UARTEx_RxEventCallback
 .text.UART_Receive_IT
                0x0800201c       0xe6 CMakeFiles/STM32F1_CherryUSB_CubeIDE.elf.dir/Drivers/STM32F1xx_HAL_Driver/Src/stm32f1xx_hal_uart.c.obj
 *fill*         0x08002102        0x2 
 .text.HAL_UART_IRQHandler
                0x08002104      0x284 CMakeFiles/STM32F1_CherryUSB_CubeIDE.elf.dir/Drivers/STM32F1xx_HAL_Driver/Src/stm32f1xx_hal_uart.c.obj
                0x08002104                HAL_UART_IRQHandler
 .text.usbd_cdc_acm_init_intf
                0x08002388       0x14 CMakeFiles/STM32F1_CherryUSB_CubeIDE.elf.dir/Middlewares/CherryUSB/class/cdc/usbd_cdc.c.obj
                0x08002388                usbd_cdc_acm_init_intf
 .text.usbd_cdc_acm_set_line_coding
                0x0800239c        0x2 CMakeFiles/STM32F1_CherryUSB_CubeIDE.elf.dir/Middlewares/CherryUSB/class/cdc/usbd_cdc.c.obj
                0x0800239c                usbd_cdc_acm_set_line_coding
 .text.usbd_cdc_acm_get_line_coding
                0x0800239e       0x1e CMakeFiles/STM32F1_CherryUSB_CubeIDE.elf.dir/Middlewares/CherryUSB/class/cdc/usbd_cdc.c.obj
                0x0800239e                usbd_cdc_acm_get_line_coding
 .text.usbd_cdc_acm_set_rts
                0x080023bc        0x2 CMakeFiles/STM32F1_CherryUSB_CubeIDE.elf.dir/Middlewares/CherryUSB/class/cdc/usbd_cdc.c.obj
                0x080023bc                usbd_cdc_acm_set_rts
 .text.usbd_cdc_acm_send_break
                0x080023be        0x2 CMakeFiles/STM32F1_CherryUSB_CubeIDE.elf.dir/Middlewares/CherryUSB/class/cdc/usbd_cdc.c.obj
                0x080023be                usbd_cdc_acm_send_break
 .text.cdc_acm_class_interface_request_handler
                0x080023c0       0xb8 CMakeFiles/STM32F1_CherryUSB_CubeIDE.elf.dir/Middlewares/CherryUSB/class/cdc/usbd_cdc.c.obj
 .text.is_device_configured
                0x08002478       0x1c CMakeFiles/STM32F1_CherryUSB_CubeIDE.elf.dir/Middlewares/CherryUSB/core/usbd_core.c.obj
 .text.usbd_class_request_handler
                0x08002494       0xb0 CMakeFiles/STM32F1_CherryUSB_CubeIDE.elf.dir/Middlewares/CherryUSB/core/usbd_core.c.obj
 .text.usbd_class_event_notify_handler
                0x08002544       0x70 CMakeFiles/STM32F1_CherryUSB_CubeIDE.elf.dir/Middlewares/CherryUSB/core/usbd_core.c.obj
 .text.usbd_set_endpoint
                0x080025b4       0xa0 CMakeFiles/STM32F1_CherryUSB_CubeIDE.elf.dir/Middlewares/CherryUSB/core/usbd_core.c.obj
 .text.usbd_set_configuration
                0x08002654       0x74 CMakeFiles/STM32F1_CherryUSB_CubeIDE.elf.dir/Middlewares/CherryUSB/core/usbd_core.c.obj
 .text.usbd_get_descriptor
                0x080026c8       0xe4 CMakeFiles/STM32F1_CherryUSB_CubeIDE.elf.dir/Middlewares/CherryUSB/core/usbd_core.c.obj
 .text.usbd_std_device_req_handler
                0x080027ac       0xe4 CMakeFiles/STM32F1_CherryUSB_CubeIDE.elf.dir/Middlewares/CherryUSB/core/usbd_core.c.obj
 .text.usbd_print_setup
                0x08002890       0x38 CMakeFiles/STM32F1_CherryUSB_CubeIDE.elf.dir/Middlewares/CherryUSB/core/usbd_core.c.obj
 .text.usbd_vendor_request_handler
                0x080028c8      0x170 CMakeFiles/STM32F1_CherryUSB_CubeIDE.elf.dir/Middlewares/CherryUSB/core/usbd_core.c.obj
 .text.usbd_event_ep0_in_complete_handler
                0x08002a38       0x74 CMakeFiles/STM32F1_CherryUSB_CubeIDE.elf.dir/Middlewares/CherryUSB/core/usbd_core.c.obj
                0x08002a38                usbd_event_ep0_in_complete_handler
 .text.usbd_reset_endpoint
                0x08002aac       0x10 CMakeFiles/STM32F1_CherryUSB_CubeIDE.elf.dir/Middlewares/CherryUSB/core/usbd_core.c.obj
 .text.usbd_set_interface
                0x08002abc       0x9c CMakeFiles/STM32F1_CherryUSB_CubeIDE.elf.dir/Middlewares/CherryUSB/core/usbd_core.c.obj
 .text.usbd_std_interface_req_handler
                0x08002b58       0xcc CMakeFiles/STM32F1_CherryUSB_CubeIDE.elf.dir/Middlewares/CherryUSB/core/usbd_core.c.obj
 .text.usbd_std_endpoint_req_handler
                0x08002c24       0xa4 CMakeFiles/STM32F1_CherryUSB_CubeIDE.elf.dir/Middlewares/CherryUSB/core/usbd_core.c.obj
 .text.usbd_standard_request_handler
                0x08002cc8       0x48 CMakeFiles/STM32F1_CherryUSB_CubeIDE.elf.dir/Middlewares/CherryUSB/core/usbd_core.c.obj
 .text.usbd_setup_request_handler
                0x08002d10       0xb8 CMakeFiles/STM32F1_CherryUSB_CubeIDE.elf.dir/Middlewares/CherryUSB/core/usbd_core.c.obj
 .text.usbd_event_ep0_out_complete_handler
                0x08002dc8       0x70 CMakeFiles/STM32F1_CherryUSB_CubeIDE.elf.dir/Middlewares/CherryUSB/core/usbd_core.c.obj
                0x08002dc8                usbd_event_ep0_out_complete_handler
 .text.usbd_event_reset_handler
                0x08002e38       0x6c CMakeFiles/STM32F1_CherryUSB_CubeIDE.elf.dir/Middlewares/CherryUSB/core/usbd_core.c.obj
                0x08002e38                usbd_event_reset_handler
 .text.usbd_event_ep0_setup_complete_handler
                0x08002ea4      0x130 CMakeFiles/STM32F1_CherryUSB_CubeIDE.elf.dir/Middlewares/CherryUSB/core/usbd_core.c.obj
                0x08002ea4                usbd_event_ep0_setup_complete_handler
 .text.usbd_event_ep_in_complete_handler
                0x08002fd4       0x28 CMakeFiles/STM32F1_CherryUSB_CubeIDE.elf.dir/Middlewares/CherryUSB/core/usbd_core.c.obj
                0x08002fd4                usbd_event_ep_in_complete_handler
 .text.usbd_event_ep_out_complete_handler
                0x08002ffc       0x28 CMakeFiles/STM32F1_CherryUSB_CubeIDE.elf.dir/Middlewares/CherryUSB/core/usbd_core.c.obj
                0x08002ffc                usbd_event_ep_out_complete_handler
 .text.usbd_desc_register
                0x08003024       0x44 CMakeFiles/STM32F1_CherryUSB_CubeIDE.elf.dir/Middlewares/CherryUSB/core/usbd_core.c.obj
                0x08003024                usbd_desc_register
 .text.usbd_add_interface
                0x08003068       0x30 CMakeFiles/STM32F1_CherryUSB_CubeIDE.elf.dir/Middlewares/CherryUSB/core/usbd_core.c.obj
                0x08003068                usbd_add_interface
 .text.usbd_add_endpoint
                0x08003098       0x70 CMakeFiles/STM32F1_CherryUSB_CubeIDE.elf.dir/Middlewares/CherryUSB/core/usbd_core.c.obj
                0x08003098                usbd_add_endpoint
 .text.usbd_get_ep_mps
                0x08003108       0x48 CMakeFiles/STM32F1_CherryUSB_CubeIDE.elf.dir/Middlewares/CherryUSB/core/usbd_core.c.obj
                0x08003108                usbd_get_ep_mps
 .text.usbd_initialize
                0x08003150       0x64 CMakeFiles/STM32F1_CherryUSB_CubeIDE.elf.dir/Middlewares/CherryUSB/core/usbd_core.c.obj
                0x08003150                usbd_initialize
 .text.usbd_cdc_acm_bulk_out
                0x080031b4       0x24 CMakeFiles/STM32F1_CherryUSB_CubeIDE.elf.dir/Middlewares/CherryUSB/demo/cdc_acm_template.c.obj
                0x080031b4                usbd_cdc_acm_bulk_out
 .text.usbd_event_handler
                0x080031d8       0x24 CMakeFiles/STM32F1_CherryUSB_CubeIDE.elf.dir/Middlewares/CherryUSB/demo/cdc_acm_template.c.obj
 .text.usbd_cdc_acm_bulk_in
                0x080031fc       0x40 CMakeFiles/STM32F1_CherryUSB_CubeIDE.elf.dir/Middlewares/CherryUSB/demo/cdc_acm_template.c.obj
                0x080031fc                usbd_cdc_acm_bulk_in
 .text.cdc_acm_init
                0x0800323c       0x94 CMakeFiles/STM32F1_CherryUSB_CubeIDE.elf.dir/Middlewares/CherryUSB/demo/cdc_acm_template.c.obj
                0x0800323c                cdc_acm_init
 .text.usbd_cdc_acm_set_dtr
                0x080032d0       0x18 CMakeFiles/STM32F1_CherryUSB_CubeIDE.elf.dir/Middlewares/CherryUSB/demo/cdc_acm_template.c.obj
                0x080032d0                usbd_cdc_acm_set_dtr
 .text.cdc_acm_data_send_with_dtr_test
                0x080032e8       0x34 CMakeFiles/STM32F1_CherryUSB_CubeIDE.elf.dir/Middlewares/CherryUSB/demo/cdc_acm_template.c.obj
                0x080032e8                cdc_acm_data_send_with_dtr_test
 .text.fsdev_write_pma
                0x0800331c       0x26 CMakeFiles/STM32F1_CherryUSB_CubeIDE.elf.dir/Middlewares/CherryUSB/port/fsdev/usb_dc_fsdev.c.obj
 .text.fsdev_read_pma
                0x08003342       0x30 CMakeFiles/STM32F1_CherryUSB_CubeIDE.elf.dir/Middlewares/CherryUSB/port/fsdev/usb_dc_fsdev.c.obj
 *fill*         0x08003372        0x2 
 .text.usb_dc_init
                0x08003374       0x40 CMakeFiles/STM32F1_CherryUSB_CubeIDE.elf.dir/Middlewares/CherryUSB/port/fsdev/usb_dc_fsdev.c.obj
                0x08003374                usb_dc_init
 .text.usbd_set_address
                0x080033b4       0x20 CMakeFiles/STM32F1_CherryUSB_CubeIDE.elf.dir/Middlewares/CherryUSB/port/fsdev/usb_dc_fsdev.c.obj
                0x080033b4                usbd_set_address
 .text.usbd_ep_open
                0x080033d4      0x2f4 CMakeFiles/STM32F1_CherryUSB_CubeIDE.elf.dir/Middlewares/CherryUSB/port/fsdev/usb_dc_fsdev.c.obj
                0x080033d4                usbd_ep_open
 .text.usbd_ep_close
                0x080036c8       0xa0 CMakeFiles/STM32F1_CherryUSB_CubeIDE.elf.dir/Middlewares/CherryUSB/port/fsdev/usb_dc_fsdev.c.obj
                0x080036c8                usbd_ep_close
 .text.usbd_ep_set_stall
                0x08003768       0x58 CMakeFiles/STM32F1_CherryUSB_CubeIDE.elf.dir/Middlewares/CherryUSB/port/fsdev/usb_dc_fsdev.c.obj
                0x08003768                usbd_ep_set_stall
 .text.usbd_ep_clear_stall
                0x080037c0       0xbc CMakeFiles/STM32F1_CherryUSB_CubeIDE.elf.dir/Middlewares/CherryUSB/port/fsdev/usb_dc_fsdev.c.obj
                0x080037c0                usbd_ep_clear_stall
 .text.usbd_ep_start_write
                0x0800387c       0xa4 CMakeFiles/STM32F1_CherryUSB_CubeIDE.elf.dir/Middlewares/CherryUSB/port/fsdev/usb_dc_fsdev.c.obj
                0x0800387c                usbd_ep_start_write
 .text.usbd_ep_start_read
                0x08003920       0x70 CMakeFiles/STM32F1_CherryUSB_CubeIDE.elf.dir/Middlewares/CherryUSB/port/fsdev/usb_dc_fsdev.c.obj
                0x08003920                usbd_ep_start_read
 .text.USBD_IRQHandler
                0x08003990      0x520 CMakeFiles/STM32F1_CherryUSB_CubeIDE.elf.dir/Middlewares/CherryUSB/port/fsdev/usb_dc_fsdev.c.obj
                0x08003990                USBD_IRQHandler
 .text.stdio_exit_handler
                0x08003eb0       0x18 D:/AppData/DevelopTool/GNU-Tools-ARM-Embedded/bin/../lib/gcc/arm-none-eabi/13.3.1/thumb/v7-m/nofp\libg.a(libc_a-findfp.o)
 .text.cleanup_stdio
                0x08003ec8       0x40 D:/AppData/DevelopTool/GNU-Tools-ARM-Embedded/bin/../lib/gcc/arm-none-eabi/13.3.1/thumb/v7-m/nofp\libg.a(libc_a-findfp.o)
 .text.global_stdio_init.part.0
                0x08003f08       0xf0 D:/AppData/DevelopTool/GNU-Tools-ARM-Embedded/bin/../lib/gcc/arm-none-eabi/13.3.1/thumb/v7-m/nofp\libg.a(libc_a-findfp.o)
 .text.__sinit  0x08003ff8       0x3c D:/AppData/DevelopTool/GNU-Tools-ARM-Embedded/bin/../lib/gcc/arm-none-eabi/13.3.1/thumb/v7-m/nofp\libg.a(libc_a-findfp.o)
                0x08003ff8                __sinit
 .text.__sfp_lock_acquire
                0x08004034        0xc D:/AppData/DevelopTool/GNU-Tools-ARM-Embedded/bin/../lib/gcc/arm-none-eabi/13.3.1/thumb/v7-m/nofp\libg.a(libc_a-findfp.o)
                0x08004034                __sfp_lock_acquire
 .text.__sfp_lock_release
                0x08004040        0xc D:/AppData/DevelopTool/GNU-Tools-ARM-Embedded/bin/../lib/gcc/arm-none-eabi/13.3.1/thumb/v7-m/nofp\libg.a(libc_a-findfp.o)
                0x08004040                __sfp_lock_release
 .text._fwalk_sglue
                0x0800404c       0x44 D:/AppData/DevelopTool/GNU-Tools-ARM-Embedded/bin/../lib/gcc/arm-none-eabi/13.3.1/thumb/v7-m/nofp\libg.a(libc_a-fwalk.o)
                0x0800404c                _fwalk_sglue
 .text.printf   0x08004090       0x28 D:/AppData/DevelopTool/GNU-Tools-ARM-Embedded/bin/../lib/gcc/arm-none-eabi/13.3.1/thumb/v7-m/nofp\libg.a(libc_a-printf.o)
                0x08004090                printf
 .text._puts_r  0x080040b8       0xa4 D:/AppData/DevelopTool/GNU-Tools-ARM-Embedded/bin/../lib/gcc/arm-none-eabi/13.3.1/thumb/v7-m/nofp\libg.a(libc_a-puts.o)
                0x080040b8                _puts_r
 .text.puts     0x0800415c       0x10 D:/AppData/DevelopTool/GNU-Tools-ARM-Embedded/bin/../lib/gcc/arm-none-eabi/13.3.1/thumb/v7-m/nofp\libg.a(libc_a-puts.o)
                0x0800415c                puts
 .text.__sread  0x0800416c       0x24 D:/AppData/DevelopTool/GNU-Tools-ARM-Embedded/bin/../lib/gcc/arm-none-eabi/13.3.1/thumb/v7-m/nofp\libg.a(libc_a-stdio.o)
                0x0800416c                __sread
 .text.__swrite
                0x08004190       0x40 D:/AppData/DevelopTool/GNU-Tools-ARM-Embedded/bin/../lib/gcc/arm-none-eabi/13.3.1/thumb/v7-m/nofp\libg.a(libc_a-stdio.o)
                0x08004190                __swrite
 .text.__sseek  0x080041d0       0x24 D:/AppData/DevelopTool/GNU-Tools-ARM-Embedded/bin/../lib/gcc/arm-none-eabi/13.3.1/thumb/v7-m/nofp\libg.a(libc_a-stdio.o)
                0x080041d0                __sseek
 .text.__sclose
                0x080041f4        0x8 D:/AppData/DevelopTool/GNU-Tools-ARM-Embedded/bin/../lib/gcc/arm-none-eabi/13.3.1/thumb/v7-m/nofp\libg.a(libc_a-stdio.o)
                0x080041f4                __sclose
 .text.memset   0x080041fc       0xa0 D:/AppData/DevelopTool/GNU-Tools-ARM-Embedded/bin/../lib/gcc/arm-none-eabi/13.3.1/thumb/v7-m/nofp\libg.a(libc_a-memset.o)
                0x080041fc                memset
 .text._close_r
                0x0800429c       0x24 D:/AppData/DevelopTool/GNU-Tools-ARM-Embedded/bin/../lib/gcc/arm-none-eabi/13.3.1/thumb/v7-m/nofp\libg.a(libc_a-closer.o)
                0x0800429c                _close_r
 .text._lseek_r
                0x080042c0       0x2c D:/AppData/DevelopTool/GNU-Tools-ARM-Embedded/bin/../lib/gcc/arm-none-eabi/13.3.1/thumb/v7-m/nofp\libg.a(libc_a-lseekr.o)
                0x080042c0                _lseek_r
 .text._read_r  0x080042ec       0x2c D:/AppData/DevelopTool/GNU-Tools-ARM-Embedded/bin/../lib/gcc/arm-none-eabi/13.3.1/thumb/v7-m/nofp\libg.a(libc_a-readr.o)
                0x080042ec                _read_r
 .text._write_r
                0x08004318       0x2c D:/AppData/DevelopTool/GNU-Tools-ARM-Embedded/bin/../lib/gcc/arm-none-eabi/13.3.1/thumb/v7-m/nofp\libg.a(libc_a-writer.o)
                0x08004318                _write_r
 .text.__errno  0x08004344        0xc D:/AppData/DevelopTool/GNU-Tools-ARM-Embedded/bin/../lib/gcc/arm-none-eabi/13.3.1/thumb/v7-m/nofp\libg.a(libc_a-errno.o)
                0x08004344                __errno
 .text.__libc_init_array
                0x08004350       0x50 D:/AppData/DevelopTool/GNU-Tools-ARM-Embedded/bin/../lib/gcc/arm-none-eabi/13.3.1/thumb/v7-m/nofp\libg.a(libc_a-init.o)
                0x08004350                __libc_init_array
 .text.__retarget_lock_init_recursive
                0x080043a0        0x4 D:/AppData/DevelopTool/GNU-Tools-ARM-Embedded/bin/../lib/gcc/arm-none-eabi/13.3.1/thumb/v7-m/nofp\libg.a(libc_a-lock.o)
                0x080043a0                __retarget_lock_init_recursive
 .text.__retarget_lock_close_recursive
                0x080043a4        0x4 D:/AppData/DevelopTool/GNU-Tools-ARM-Embedded/bin/../lib/gcc/arm-none-eabi/13.3.1/thumb/v7-m/nofp\libg.a(libc_a-lock.o)
                0x080043a4                __retarget_lock_close_recursive
 .text.__retarget_lock_acquire_recursive
                0x080043a8        0x4 D:/AppData/DevelopTool/GNU-Tools-ARM-Embedded/bin/../lib/gcc/arm-none-eabi/13.3.1/thumb/v7-m/nofp\libg.a(libc_a-lock.o)
                0x080043a8                __retarget_lock_acquire_recursive
 .text.__retarget_lock_release_recursive
                0x080043ac        0x4 D:/AppData/DevelopTool/GNU-Tools-ARM-Embedded/bin/../lib/gcc/arm-none-eabi/13.3.1/thumb/v7-m/nofp\libg.a(libc_a-lock.o)
                0x080043ac                __retarget_lock_release_recursive
 .text.strlen   0x080043b0       0x5c D:/AppData/DevelopTool/GNU-Tools-ARM-Embedded/bin/../lib/gcc/arm-none-eabi/13.3.1/thumb/v7-m/nofp\libg.a(libc_a-strlen-stub.o)
                0x080043b0                strlen
 .text.startup.register_fini
                0x0800440c       0x14 D:/AppData/DevelopTool/GNU-Tools-ARM-Embedded/bin/../lib/gcc/arm-none-eabi/13.3.1/thumb/v7-m/nofp\libg.a(libc_a-__call_atexit.o)
 .text.atexit   0x08004420        0xc D:/AppData/DevelopTool/GNU-Tools-ARM-Embedded/bin/../lib/gcc/arm-none-eabi/13.3.1/thumb/v7-m/nofp\libg.a(libc_a-atexit.o)
                0x08004420                atexit
 .text._malloc_trim_r
                0x0800442c       0xb8 D:/AppData/DevelopTool/GNU-Tools-ARM-Embedded/bin/../lib/gcc/arm-none-eabi/13.3.1/thumb/v7-m/nofp\libg.a(libc_a-freer.o)
                0x0800442c                _malloc_trim_r
 .text._free_r  0x080044e4      0x1f8 D:/AppData/DevelopTool/GNU-Tools-ARM-Embedded/bin/../lib/gcc/arm-none-eabi/13.3.1/thumb/v7-m/nofp\libg.a(libc_a-freer.o)
                0x080044e4                _free_r
 .text._malloc_r
                0x080046dc      0x568 D:/AppData/DevelopTool/GNU-Tools-ARM-Embedded/bin/../lib/gcc/arm-none-eabi/13.3.1/thumb/v7-m/nofp\libg.a(libc_a-mallocr.o)
                0x080046dc                _malloc_r
 .text.__malloc_lock
                0x08004c44        0xc D:/AppData/DevelopTool/GNU-Tools-ARM-Embedded/bin/../lib/gcc/arm-none-eabi/13.3.1/thumb/v7-m/nofp\libg.a(libc_a-mlock.o)
                0x08004c44                __malloc_lock
 .text.__malloc_unlock
                0x08004c50        0xc D:/AppData/DevelopTool/GNU-Tools-ARM-Embedded/bin/../lib/gcc/arm-none-eabi/13.3.1/thumb/v7-m/nofp\libg.a(libc_a-mlock.o)
                0x08004c50                __malloc_unlock
 .text._vfprintf_r
                0x08004c5c     0x1c04 D:/AppData/DevelopTool/GNU-Tools-ARM-Embedded/bin/../lib/gcc/arm-none-eabi/13.3.1/thumb/v7-m/nofp\libg.a(libc_a-vfprintf.o)
                0x08004c5c                _vfprintf_r
 .text.__sbprintf
                0x08006860       0x80 D:/AppData/DevelopTool/GNU-Tools-ARM-Embedded/bin/../lib/gcc/arm-none-eabi/13.3.1/thumb/v7-m/nofp\libg.a(libc_a-vfprintf.o)
 .text.__sprint_r
                0x080068e0       0x20 D:/AppData/DevelopTool/GNU-Tools-ARM-Embedded/bin/../lib/gcc/arm-none-eabi/13.3.1/thumb/v7-m/nofp\libg.a(libc_a-sprint_r.o)
                0x080068e0                __sprint_r
 .text._fclose_r
                0x08006900       0xc0 D:/AppData/DevelopTool/GNU-Tools-ARM-Embedded/bin/../lib/gcc/arm-none-eabi/13.3.1/thumb/v7-m/nofp\libg.a(libc_a-fclose.o)
                0x08006900                _fclose_r
 .text.__sflush_r
                0x080069c0      0x128 D:/AppData/DevelopTool/GNU-Tools-ARM-Embedded/bin/../lib/gcc/arm-none-eabi/13.3.1/thumb/v7-m/nofp\libg.a(libc_a-fflush.o)
                0x080069c0                __sflush_r
 .text._fflush_r
                0x08006ae8       0x54 D:/AppData/DevelopTool/GNU-Tools-ARM-Embedded/bin/../lib/gcc/arm-none-eabi/13.3.1/thumb/v7-m/nofp\libg.a(libc_a-fflush.o)
                0x08006ae8                _fflush_r
 .text.__sfvwrite_r
                0x08006b3c      0x2ec D:/AppData/DevelopTool/GNU-Tools-ARM-Embedded/bin/../lib/gcc/arm-none-eabi/13.3.1/thumb/v7-m/nofp\libg.a(libc_a-fvwrite.o)
                0x08006b3c                __sfvwrite_r
 .text.__swsetup_r
                0x08006e28       0xc4 D:/AppData/DevelopTool/GNU-Tools-ARM-Embedded/bin/../lib/gcc/arm-none-eabi/13.3.1/thumb/v7-m/nofp\libg.a(libc_a-wsetup.o)
                0x08006e28                __swsetup_r
 .text.memmove  0x08006eec       0xfc D:/AppData/DevelopTool/GNU-Tools-ARM-Embedded/bin/../lib/gcc/arm-none-eabi/13.3.1/thumb/v7-m/nofp\libg.a(libc_a-memmove.o)
                0x08006eec                memmove
 .text.strncpy  0x08006fe8       0x6c D:/AppData/DevelopTool/GNU-Tools-ARM-Embedded/bin/../lib/gcc/arm-none-eabi/13.3.1/thumb/v7-m/nofp\libg.a(libc_a-strncpy.o)
                0x08006fe8                strncpy
 .text.__locale_mb_cur_max
                0x08007054        0xc D:/AppData/DevelopTool/GNU-Tools-ARM-Embedded/bin/../lib/gcc/arm-none-eabi/13.3.1/thumb/v7-m/nofp\libg.a(libc_a-locale.o)
                0x08007054                __locale_mb_cur_max
 .text._localeconv_r
                0x08007060        0x8 D:/AppData/DevelopTool/GNU-Tools-ARM-Embedded/bin/../lib/gcc/arm-none-eabi/13.3.1/thumb/v7-m/nofp\libg.a(libc_a-localeconv.o)
                0x08007060                _localeconv_r
 .text._sbrk_r  0x08007068       0x24 D:/AppData/DevelopTool/GNU-Tools-ARM-Embedded/bin/../lib/gcc/arm-none-eabi/13.3.1/thumb/v7-m/nofp\libg.a(libc_a-sbrkr.o)
                0x08007068                _sbrk_r
 .text.__libc_fini_array
                0x0800708c       0x28 D:/AppData/DevelopTool/GNU-Tools-ARM-Embedded/bin/../lib/gcc/arm-none-eabi/13.3.1/thumb/v7-m/nofp\libg.a(libc_a-fini.o)
                0x0800708c                __libc_fini_array
 .text.sysconf  0x080070b4       0x1c D:/AppData/DevelopTool/GNU-Tools-ARM-Embedded/bin/../lib/gcc/arm-none-eabi/13.3.1/thumb/v7-m/nofp\libg.a(libc_a-sysconf.o)
                0x080070b4                sysconf
 .text.memchr   0x080070d0       0x98 D:/AppData/DevelopTool/GNU-Tools-ARM-Embedded/bin/../lib/gcc/arm-none-eabi/13.3.1/thumb/v7-m/nofp\libg.a(libc_a-memchr-stub.o)
                0x080070d0                memchr
 .text.frexp    0x08007168       0x6c D:/AppData/DevelopTool/GNU-Tools-ARM-Embedded/bin/../lib/gcc/arm-none-eabi/13.3.1/thumb/v7-m/nofp\libg.a(libm_a-s_frexp.o)
                0x08007168                frexp
 .text.__register_exitproc
                0x080071d4       0x80 D:/AppData/DevelopTool/GNU-Tools-ARM-Embedded/bin/../lib/gcc/arm-none-eabi/13.3.1/thumb/v7-m/nofp\libg.a(libc_a-__atexit.o)
                0x080071d4                __register_exitproc
 .text.quorem   0x08007254      0x13c D:/AppData/DevelopTool/GNU-Tools-ARM-Embedded/bin/../lib/gcc/arm-none-eabi/13.3.1/thumb/v7-m/nofp\libg.a(libc_a-dtoa.o)
 .text._dtoa_r  0x08007390      0xe94 D:/AppData/DevelopTool/GNU-Tools-ARM-Embedded/bin/../lib/gcc/arm-none-eabi/13.3.1/thumb/v7-m/nofp\libg.a(libc_a-dtoa.o)
                0x08007390                _dtoa_r
 .text.__ascii_mbtowc
                0x08008224       0x2c D:/AppData/DevelopTool/GNU-Tools-ARM-Embedded/bin/../lib/gcc/arm-none-eabi/13.3.1/thumb/v7-m/nofp\libg.a(libc_a-mbtowc_r.o)
                0x08008224                __ascii_mbtowc
 .text._Balloc  0x08008250       0x4c D:/AppData/DevelopTool/GNU-Tools-ARM-Embedded/bin/../lib/gcc/arm-none-eabi/13.3.1/thumb/v7-m/nofp\libg.a(libc_a-mprec.o)
                0x08008250                _Balloc
 .text._Bfree   0x0800829c       0x14 D:/AppData/DevelopTool/GNU-Tools-ARM-Embedded/bin/../lib/gcc/arm-none-eabi/13.3.1/thumb/v7-m/nofp\libg.a(libc_a-mprec.o)
                0x0800829c                _Bfree
 .text.__multadd
                0x080082b0       0xa4 D:/AppData/DevelopTool/GNU-Tools-ARM-Embedded/bin/../lib/gcc/arm-none-eabi/13.3.1/thumb/v7-m/nofp\libg.a(libc_a-mprec.o)
                0x080082b0                __multadd
 .text.__hi0bits
                0x08008354       0x44 D:/AppData/DevelopTool/GNU-Tools-ARM-Embedded/bin/../lib/gcc/arm-none-eabi/13.3.1/thumb/v7-m/nofp\libg.a(libc_a-mprec.o)
                0x08008354                __hi0bits
 .text.__lo0bits
                0x08008398       0x5c D:/AppData/DevelopTool/GNU-Tools-ARM-Embedded/bin/../lib/gcc/arm-none-eabi/13.3.1/thumb/v7-m/nofp\libg.a(libc_a-mprec.o)
                0x08008398                __lo0bits
 .text.__i2b    0x080083f4       0x5c D:/AppData/DevelopTool/GNU-Tools-ARM-Embedded/bin/../lib/gcc/arm-none-eabi/13.3.1/thumb/v7-m/nofp\libg.a(libc_a-mprec.o)
                0x080083f4                __i2b
 .text.__multiply
                0x08008450      0x164 D:/AppData/DevelopTool/GNU-Tools-ARM-Embedded/bin/../lib/gcc/arm-none-eabi/13.3.1/thumb/v7-m/nofp\libg.a(libc_a-mprec.o)
                0x08008450                __multiply
 .text.__pow5mult
                0x080085b4       0xb4 D:/AppData/DevelopTool/GNU-Tools-ARM-Embedded/bin/../lib/gcc/arm-none-eabi/13.3.1/thumb/v7-m/nofp\libg.a(libc_a-mprec.o)
                0x080085b4                __pow5mult
 .text.__lshift
                0x08008668       0xec D:/AppData/DevelopTool/GNU-Tools-ARM-Embedded/bin/../lib/gcc/arm-none-eabi/13.3.1/thumb/v7-m/nofp\libg.a(libc_a-mprec.o)
                0x08008668                __lshift
 .text.__mcmp   0x08008754       0x40 D:/AppData/DevelopTool/GNU-Tools-ARM-Embedded/bin/../lib/gcc/arm-none-eabi/13.3.1/thumb/v7-m/nofp\libg.a(libc_a-mprec.o)
                0x08008754                __mcmp
 .text.__mdiff  0x08008794      0x178 D:/AppData/DevelopTool/GNU-Tools-ARM-Embedded/bin/../lib/gcc/arm-none-eabi/13.3.1/thumb/v7-m/nofp\libg.a(libc_a-mprec.o)
                0x08008794                __mdiff
 .text.__d2b    0x0800890c       0xbc D:/AppData/DevelopTool/GNU-Tools-ARM-Embedded/bin/../lib/gcc/arm-none-eabi/13.3.1/thumb/v7-m/nofp\libg.a(libc_a-mprec.o)
                0x0800890c                __d2b
 .text._realloc_r
                0x080089c8      0x34c D:/AppData/DevelopTool/GNU-Tools-ARM-Embedded/bin/../lib/gcc/arm-none-eabi/13.3.1/thumb/v7-m/nofp\libg.a(libc_a-reallocr.o)
                0x080089c8                _realloc_r
 .text.__ascii_wctomb
                0x08008d14       0x1c D:/AppData/DevelopTool/GNU-Tools-ARM-Embedded/bin/../lib/gcc/arm-none-eabi/13.3.1/thumb/v7-m/nofp\libg.a(libc_a-wctomb_r.o)
                0x08008d14                __ascii_wctomb
 .text._wcrtomb_r
                0x08008d30       0x4c D:/AppData/DevelopTool/GNU-Tools-ARM-Embedded/bin/../lib/gcc/arm-none-eabi/13.3.1/thumb/v7-m/nofp\libg.a(libc_a-wcrtomb.o)
                0x08008d30                _wcrtomb_r
 .text._wcsrtombs_r
                0x08008d7c       0x18 D:/AppData/DevelopTool/GNU-Tools-ARM-Embedded/bin/../lib/gcc/arm-none-eabi/13.3.1/thumb/v7-m/nofp\libg.a(libc_a-wcsrtombs.o)
                0x08008d7c                _wcsrtombs_r
 .text.__smakebuf_r
                0x08008d94       0xdc D:/AppData/DevelopTool/GNU-Tools-ARM-Embedded/bin/../lib/gcc/arm-none-eabi/13.3.1/thumb/v7-m/nofp\libg.a(libc_a-makebuf.o)
                0x08008d94                __smakebuf_r
 .text._fstat_r
                0x08008e70       0x28 D:/AppData/DevelopTool/GNU-Tools-ARM-Embedded/bin/../lib/gcc/arm-none-eabi/13.3.1/thumb/v7-m/nofp\libg.a(libc_a-fstatr.o)
                0x08008e70                _fstat_r
 .text._isatty_r
                0x08008e98       0x24 D:/AppData/DevelopTool/GNU-Tools-ARM-Embedded/bin/../lib/gcc/arm-none-eabi/13.3.1/thumb/v7-m/nofp\libg.a(libc_a-isattyr.o)
                0x08008e98                _isatty_r
 .text.__assert_func
                0x08008ebc       0x40 D:/AppData/DevelopTool/GNU-Tools-ARM-Embedded/bin/../lib/gcc/arm-none-eabi/13.3.1/thumb/v7-m/nofp\libg.a(libc_a-assert.o)
                0x08008ebc                __assert_func
 .text._calloc_r
                0x08008efc       0x6c D:/AppData/DevelopTool/GNU-Tools-ARM-Embedded/bin/../lib/gcc/arm-none-eabi/13.3.1/thumb/v7-m/nofp\libg.a(libc_a-callocr.o)
                0x08008efc                _calloc_r
 .text._wcsnrtombs_l
                0x08008f68       0xec D:/AppData/DevelopTool/GNU-Tools-ARM-Embedded/bin/../lib/gcc/arm-none-eabi/13.3.1/thumb/v7-m/nofp\libg.a(libc_a-wcsnrtombs.o)
                0x08008f68                _wcsnrtombs_l
 .text._wcsnrtombs_r
                0x08009054       0x24 D:/AppData/DevelopTool/GNU-Tools-ARM-Embedded/bin/../lib/gcc/arm-none-eabi/13.3.1/thumb/v7-m/nofp\libg.a(libc_a-wcsnrtombs.o)
                0x08009054                _wcsnrtombs_r
 .text.fiprintf
                0x08009078       0x28 D:/AppData/DevelopTool/GNU-Tools-ARM-Embedded/bin/../lib/gcc/arm-none-eabi/13.3.1/thumb/v7-m/nofp\libg.a(libc_a-fiprintf.o)
                0x08009078                fiprintf
 .text._vfiprintf_r
                0x080090a0      0xeb8 D:/AppData/DevelopTool/GNU-Tools-ARM-Embedded/bin/../lib/gcc/arm-none-eabi/13.3.1/thumb/v7-m/nofp\libg.a(libc_a-vfiprintf.o)
                0x080090a0                _vfiprintf_r
 .text.__sbprintf
                0x08009f58       0x80 D:/AppData/DevelopTool/GNU-Tools-ARM-Embedded/bin/../lib/gcc/arm-none-eabi/13.3.1/thumb/v7-m/nofp\libg.a(libc_a-vfiprintf.o)
 .text.abort    0x08009fd8       0x10 D:/AppData/DevelopTool/GNU-Tools-ARM-Embedded/bin/../lib/gcc/arm-none-eabi/13.3.1/thumb/v7-m/nofp\libg.a(libc_a-abort.o)
                0x08009fd8                abort
 .text.raise    0x08009fe8       0x58 D:/AppData/DevelopTool/GNU-Tools-ARM-Embedded/bin/../lib/gcc/arm-none-eabi/13.3.1/thumb/v7-m/nofp\libg.a(libc_a-signal.o)
                0x08009fe8                raise
 .text._kill_r  0x0800a040       0x28 D:/AppData/DevelopTool/GNU-Tools-ARM-Embedded/bin/../lib/gcc/arm-none-eabi/13.3.1/thumb/v7-m/nofp\libg.a(libc_a-signalr.o)
                0x0800a040                _kill_r
 .text._getpid_r
                0x0800a068        0x4 D:/AppData/DevelopTool/GNU-Tools-ARM-Embedded/bin/../lib/gcc/arm-none-eabi/13.3.1/thumb/v7-m/nofp\libg.a(libc_a-signalr.o)
                0x0800a068                _getpid_r
 *(.glue_7)
 .glue_7        0x0800a06c        0x0 linker stubs
 *(.glue_7t)
 .glue_7t       0x0800a06c        0x0 linker stubs
 *(.eh_frame)
 .eh_frame      0x0800a06c        0x0 D:/AppData/DevelopTool/GNU-Tools-ARM-Embedded/bin/../lib/gcc/arm-none-eabi/13.3.1/thumb/v7-m/nofp/crtbegin.o
 *(.init)
 .init          0x0800a06c        0x4 D:/AppData/DevelopTool/GNU-Tools-ARM-Embedded/bin/../lib/gcc/arm-none-eabi/13.3.1/thumb/v7-m/nofp/crti.o
                0x0800a06c                _init
 .init          0x0800a070        0x8 D:/AppData/DevelopTool/GNU-Tools-ARM-Embedded/bin/../lib/gcc/arm-none-eabi/13.3.1/thumb/v7-m/nofp/crtn.o
 *(.fini)
 .fini          0x0800a078        0x4 D:/AppData/DevelopTool/GNU-Tools-ARM-Embedded/bin/../lib/gcc/arm-none-eabi/13.3.1/thumb/v7-m/nofp/crti.o
                0x0800a078                _fini
 .fini          0x0800a07c        0x8 D:/AppData/DevelopTool/GNU-Tools-ARM-Embedded/bin/../lib/gcc/arm-none-eabi/13.3.1/thumb/v7-m/nofp/crtn.o
                0x0800a084                        . = ALIGN (0x4)
                0x0800a084                        _etext = .

.vfp11_veneer   0x0800a084        0x0
 .vfp11_veneer  0x0800a084        0x0 linker stubs

.v4_bx          0x0800a084        0x0
 .v4_bx         0x0800a084        0x0 linker stubs

.iplt           0x0800a084        0x0
 .iplt          0x0800a084        0x0 D:/AppData/DevelopTool/GNU-Tools-ARM-Embedded/bin/../lib/gcc/arm-none-eabi/13.3.1/thumb/v7-m/nofp/crtbegin.o

.rodata         0x0800a088      0x6dc
                0x0800a088                        . = ALIGN (0x4)
 *(.rodata)
 *(.rodata*)
 .rodata.APBPrescTable
                0x0800a088        0x8 CMakeFiles/STM32F1_CherryUSB_CubeIDE.elf.dir/Core/Src/system_stm32f1xx.c.obj
                0x0800a088                APBPrescTable
 .rodata.AHBPrescTable
                0x0800a090       0x10 CMakeFiles/STM32F1_CherryUSB_CubeIDE.elf.dir/Core/Src/system_stm32f1xx.c.obj
                0x0800a090                AHBPrescTable
 .rodata.aPredivFactorTable.0
                0x0800a0a0        0x2 CMakeFiles/STM32F1_CherryUSB_CubeIDE.elf.dir/Drivers/STM32F1xx_HAL_Driver/Src/stm32f1xx_hal_rcc.c.obj
 *fill*         0x0800a0a2        0x2 
 .rodata.aPLLMULFactorTable.1
                0x0800a0a4       0x10 CMakeFiles/STM32F1_CherryUSB_CubeIDE.elf.dir/Drivers/STM32F1xx_HAL_Driver/Src/stm32f1xx_hal_rcc.c.obj
 .rodata.cdc_acm_class_interface_request_handler.str1.4
                0x0800a0b4      0x3b7 CMakeFiles/STM32F1_CherryUSB_CubeIDE.elf.dir/Middlewares/CherryUSB/class/cdc/usbd_cdc.c.obj
                                 0x3d (size before relaxing)
 .rodata.usbd_get_descriptor.str1.4
                0x0800a46b       0x49 CMakeFiles/STM32F1_CherryUSB_CubeIDE.elf.dir/Middlewares/CherryUSB/core/usbd_core.c.obj
 .rodata.usbd_print_setup.str1.4
                0x0800a46b       0x6d CMakeFiles/STM32F1_CherryUSB_CubeIDE.elf.dir/Middlewares/CherryUSB/core/usbd_core.c.obj
 .rodata.usbd_vendor_request_handler.str1.4
                0x0800a46b       0x15 CMakeFiles/STM32F1_CherryUSB_CubeIDE.elf.dir/Middlewares/CherryUSB/core/usbd_core.c.obj
 .rodata.usbd_std_endpoint_req_handler.str1.4
                0x0800a46b       0x2b CMakeFiles/STM32F1_CherryUSB_CubeIDE.elf.dir/Middlewares/CherryUSB/core/usbd_core.c.obj
 .rodata.usbd_setup_request_handler.str1.4
                0x0800a46b       0x46 CMakeFiles/STM32F1_CherryUSB_CubeIDE.elf.dir/Middlewares/CherryUSB/core/usbd_core.c.obj
 .rodata.usbd_event_ep0_setup_complete_handler.str1.4
                0x0800a46b       0x1a CMakeFiles/STM32F1_CherryUSB_CubeIDE.elf.dir/Middlewares/CherryUSB/core/usbd_core.c.obj
 .rodata.usbd_initialize.str1.4
                0x0800a46b        0xe CMakeFiles/STM32F1_CherryUSB_CubeIDE.elf.dir/Middlewares/CherryUSB/core/usbd_core.c.obj
 .rodata.usbd_cdc_acm_bulk_out.str1.4
                0x0800a46b       0x14 CMakeFiles/STM32F1_CherryUSB_CubeIDE.elf.dir/Middlewares/CherryUSB/demo/cdc_acm_template.c.obj
 .rodata.usbd_cdc_acm_bulk_in.str1.4
                0x0800a46b       0x13 CMakeFiles/STM32F1_CherryUSB_CubeIDE.elf.dir/Middlewares/CherryUSB/demo/cdc_acm_template.c.obj
 .rodata.cdc_acm_init.str1.4
                0x0800a46b        0xb CMakeFiles/STM32F1_CherryUSB_CubeIDE.elf.dir/Middlewares/CherryUSB/demo/cdc_acm_template.c.obj
 *fill*         0x0800a46b        0x1 
 .rodata.cdc_descriptor
                0x0800a46c       0xb2 CMakeFiles/STM32F1_CherryUSB_CubeIDE.elf.dir/Middlewares/CherryUSB/demo/cdc_acm_template.c.obj
 .rodata.usbd_ep_open.str1.4
                0x0800a51e       0x47 CMakeFiles/STM32F1_CherryUSB_CubeIDE.elf.dir/Middlewares/CherryUSB/port/fsdev/usb_dc_fsdev.c.obj
 .rodata._puts_r.str1.4
                0x0800a51e        0x2 D:/AppData/DevelopTool/GNU-Tools-ARM-Embedded/bin/../lib/gcc/arm-none-eabi/13.3.1/thumb/v7-m/nofp\libg.a(libc_a-puts.o)
 .rodata._vfprintf_r.str1.4
                0x0800a51e       0x42 D:/AppData/DevelopTool/GNU-Tools-ARM-Embedded/bin/../lib/gcc/arm-none-eabi/13.3.1/thumb/v7-m/nofp\libg.a(libc_a-vfprintf.o)
 *fill*         0x0800a51e        0x2 
 .rodata.zeroes.0
                0x0800a520       0x10 D:/AppData/DevelopTool/GNU-Tools-ARM-Embedded/bin/../lib/gcc/arm-none-eabi/13.3.1/thumb/v7-m/nofp\libg.a(libc_a-vfprintf.o)
 .rodata.blanks.1
                0x0800a530       0x10 D:/AppData/DevelopTool/GNU-Tools-ARM-Embedded/bin/../lib/gcc/arm-none-eabi/13.3.1/thumb/v7-m/nofp\libg.a(libc_a-vfprintf.o)
 .rodata.str1.4
                0x0800a540       0x4c D:/AppData/DevelopTool/GNU-Tools-ARM-Embedded/bin/../lib/gcc/arm-none-eabi/13.3.1/thumb/v7-m/nofp\libg.a(libc_a-locale.o)
 .rodata._dtoa_r.str1.4
                0x0800a540       0x81 D:/AppData/DevelopTool/GNU-Tools-ARM-Embedded/bin/../lib/gcc/arm-none-eabi/13.3.1/thumb/v7-m/nofp\libg.a(libc_a-dtoa.o)
 .rodata.__multadd.str1.4
                0x0800a540       0x6e D:/AppData/DevelopTool/GNU-Tools-ARM-Embedded/bin/../lib/gcc/arm-none-eabi/13.3.1/thumb/v7-m/nofp\libg.a(libc_a-mprec.o)
 .rodata.p05.0  0x0800a540        0xc D:/AppData/DevelopTool/GNU-Tools-ARM-Embedded/bin/../lib/gcc/arm-none-eabi/13.3.1/thumb/v7-m/nofp\libg.a(libc_a-mprec.o)
 *fill*         0x0800a54c        0x4 
 .rodata.__mprec_bigtens
                0x0800a550       0x28 D:/AppData/DevelopTool/GNU-Tools-ARM-Embedded/bin/../lib/gcc/arm-none-eabi/13.3.1/thumb/v7-m/nofp\libg.a(libc_a-mprec.o)
                0x0800a550                __mprec_bigtens
 .rodata.__mprec_tens
                0x0800a578       0xc8 D:/AppData/DevelopTool/GNU-Tools-ARM-Embedded/bin/../lib/gcc/arm-none-eabi/13.3.1/thumb/v7-m/nofp\libg.a(libc_a-mprec.o)
                0x0800a578                __mprec_tens
 .rodata._ctype_
                0x0800a640      0x101 D:/AppData/DevelopTool/GNU-Tools-ARM-Embedded/bin/../lib/gcc/arm-none-eabi/13.3.1/thumb/v7-m/nofp\libg.a(libc_a-ctype_.o)
                0x0800a640                _ctype_
 .rodata.__assert_func.str1.4
                0x0800a741       0x43 D:/AppData/DevelopTool/GNU-Tools-ARM-Embedded/bin/../lib/gcc/arm-none-eabi/13.3.1/thumb/v7-m/nofp\libg.a(libc_a-assert.o)
 .rodata._vfiprintf_r.str1.4
                0x0800a741       0x2f D:/AppData/DevelopTool/GNU-Tools-ARM-Embedded/bin/../lib/gcc/arm-none-eabi/13.3.1/thumb/v7-m/nofp\libg.a(libc_a-vfiprintf.o)
 *fill*         0x0800a741        0x3 
 .rodata.zeroes.0
                0x0800a744       0x10 D:/AppData/DevelopTool/GNU-Tools-ARM-Embedded/bin/../lib/gcc/arm-none-eabi/13.3.1/thumb/v7-m/nofp\libg.a(libc_a-vfiprintf.o)
 .rodata.blanks.1
                0x0800a754       0x10 D:/AppData/DevelopTool/GNU-Tools-ARM-Embedded/bin/../lib/gcc/arm-none-eabi/13.3.1/thumb/v7-m/nofp\libg.a(libc_a-vfiprintf.o)
                0x0800a764                        . = ALIGN (0x4)

.ARM.extab      0x0800a764        0x0
                0x0800a764                        . = ALIGN (0x4)
 *(.ARM.extab* .gnu.linkonce.armextab.*)
                0x0800a764                        . = ALIGN (0x4)

.ARM            0x0800a764        0x8
                0x0800a764                        . = ALIGN (0x4)
                0x0800a764                        __exidx_start = .
 *(.ARM.exidx*)
 .ARM.exidx     0x0800a764        0x8 D:/AppData/DevelopTool/GNU-Tools-ARM-Embedded/bin/../lib/gcc/arm-none-eabi/13.3.1/thumb/v7-m/nofp\libg.a(libc_a-memcpy.o)
                0x0800a76c                        __exidx_end = .
                0x0800a76c                        . = ALIGN (0x4)

.preinit_array  0x0800a76c        0x0
                0x0800a76c                        . = ALIGN (0x4)
                0x0800a76c                        PROVIDE (__preinit_array_start = .)
 *(.preinit_array*)
                0x0800a76c                        PROVIDE (__preinit_array_end = .)
                0x0800a76c                        . = ALIGN (0x4)

.init_array     0x0800a76c        0x8
                0x0800a76c                        . = ALIGN (0x4)
                0x0800a76c                        PROVIDE (__init_array_start = .)
 *(SORT_BY_NAME(.init_array.*))
 .init_array.00000
                0x0800a76c        0x4 D:/AppData/DevelopTool/GNU-Tools-ARM-Embedded/bin/../lib/gcc/arm-none-eabi/13.3.1/thumb/v7-m/nofp\libg.a(libc_a-__call_atexit.o)
 *(.init_array*)
 .init_array    0x0800a770        0x4 D:/AppData/DevelopTool/GNU-Tools-ARM-Embedded/bin/../lib/gcc/arm-none-eabi/13.3.1/thumb/v7-m/nofp/crtbegin.o
                0x0800a774                        PROVIDE (__init_array_end = .)
                0x0800a774                        . = ALIGN (0x4)

.fini_array     0x0800a774        0x4
                0x0800a774                        . = ALIGN (0x4)
                0x0800a774                        PROVIDE (__fini_array_start = .)
 *(SORT_BY_NAME(.fini_array.*))
 *(.fini_array*)
 .fini_array    0x0800a774        0x4 D:/AppData/DevelopTool/GNU-Tools-ARM-Embedded/bin/../lib/gcc/arm-none-eabi/13.3.1/thumb/v7-m/nofp/crtbegin.o
                0x0800a778                        PROVIDE (__fini_array_end = .)
                0x0800a778                        . = ALIGN (0x4)
                0x0800a778                        _sidata = LOADADDR (.data)

.rel.dyn        0x0800a778        0x0
 .rel.iplt      0x0800a778        0x0 D:/AppData/DevelopTool/GNU-Tools-ARM-Embedded/bin/../lib/gcc/arm-none-eabi/13.3.1/thumb/v7-m/nofp/crtbegin.o

.data           0x20000000      0x6f4 load address 0x0800a778
                0x20000000                        . = ALIGN (0x4)
                0x20000000                        _sdata = .
 *(.data)
 *(.data*)
 .data.SystemCoreClock
                0x20000000        0x4 CMakeFiles/STM32F1_CherryUSB_CubeIDE.elf.dir/Core/Src/system_stm32f1xx.c.obj
                0x20000000                SystemCoreClock
 .data.uwTickFreq
                0x20000004        0x1 CMakeFiles/STM32F1_CherryUSB_CubeIDE.elf.dir/Drivers/STM32F1xx_HAL_Driver/Src/stm32f1xx_hal.c.obj
                0x20000004                uwTickFreq
 *fill*         0x20000005        0x3 
 .data.uwTickPrio
                0x20000008        0x4 CMakeFiles/STM32F1_CherryUSB_CubeIDE.elf.dir/Drivers/STM32F1xx_HAL_Driver/Src/stm32f1xx_hal.c.obj
                0x20000008                uwTickPrio
 .data.cdc_in_ep
                0x2000000c        0x8 CMakeFiles/STM32F1_CherryUSB_CubeIDE.elf.dir/Middlewares/CherryUSB/demo/cdc_acm_template.c.obj
                0x2000000c                cdc_in_ep
 .data.cdc_out_ep
                0x20000014        0x8 CMakeFiles/STM32F1_CherryUSB_CubeIDE.elf.dir/Middlewares/CherryUSB/demo/cdc_acm_template.c.obj
                0x20000014                cdc_out_ep
 .data.__sglue  0x2000001c        0xc D:/AppData/DevelopTool/GNU-Tools-ARM-Embedded/bin/../lib/gcc/arm-none-eabi/13.3.1/thumb/v7-m/nofp\libg.a(libc_a-findfp.o)
                0x2000001c                __sglue
 .data._impure_ptr
                0x20000028        0x4 D:/AppData/DevelopTool/GNU-Tools-ARM-Embedded/bin/../lib/gcc/arm-none-eabi/13.3.1/thumb/v7-m/nofp\libg.a(libc_a-impure.o)
                0x20000028                _impure_ptr
 *fill*         0x2000002c        0x4 
 .data._impure_data
                0x20000030      0x140 D:/AppData/DevelopTool/GNU-Tools-ARM-Embedded/bin/../lib/gcc/arm-none-eabi/13.3.1/thumb/v7-m/nofp\libg.a(libc_a-impure.o)
                0x20000030                _impure_data
 .data.__atexit_recursive_mutex
                0x20000170        0x4 D:/AppData/DevelopTool/GNU-Tools-ARM-Embedded/bin/../lib/gcc/arm-none-eabi/13.3.1/thumb/v7-m/nofp\libg.a(libc_a-__call_atexit.o)
                0x20000170                __atexit_recursive_mutex
 .data.__malloc_sbrk_base
                0x20000174        0x4 D:/AppData/DevelopTool/GNU-Tools-ARM-Embedded/bin/../lib/gcc/arm-none-eabi/13.3.1/thumb/v7-m/nofp\libg.a(libc_a-mallocr.o)
                0x20000174                __malloc_sbrk_base
 .data.__malloc_trim_threshold
                0x20000178        0x4 D:/AppData/DevelopTool/GNU-Tools-ARM-Embedded/bin/../lib/gcc/arm-none-eabi/13.3.1/thumb/v7-m/nofp\libg.a(libc_a-mallocr.o)
                0x20000178                __malloc_trim_threshold
 *fill*         0x2000017c        0x4 
 .data.__malloc_av_
                0x20000180      0x408 D:/AppData/DevelopTool/GNU-Tools-ARM-Embedded/bin/../lib/gcc/arm-none-eabi/13.3.1/thumb/v7-m/nofp\libg.a(libc_a-mallocr.o)
                0x20000180                __malloc_av_
 .data.__global_locale
                0x20000588      0x16c D:/AppData/DevelopTool/GNU-Tools-ARM-Embedded/bin/../lib/gcc/arm-none-eabi/13.3.1/thumb/v7-m/nofp\libg.a(libc_a-locale.o)
                0x20000588                __global_locale
 *(.RamFunc)
 *(.RamFunc*)
                0x200006f4                        . = ALIGN (0x4)
                0x200006f4                        _edata = .

.tm_clone_table
                0x200006f4        0x0 load address 0x0800ae6c
 .tm_clone_table
                0x200006f4        0x0 D:/AppData/DevelopTool/GNU-Tools-ARM-Embedded/bin/../lib/gcc/arm-none-eabi/13.3.1/thumb/v7-m/nofp/crtbegin.o
 .tm_clone_table
                0x200006f4        0x0 D:/AppData/DevelopTool/GNU-Tools-ARM-Embedded/bin/../lib/gcc/arm-none-eabi/13.3.1/thumb/v7-m/nofp/crtend.o

.igot.plt       0x200006f4        0x0 load address 0x0800ae6c
 .igot.plt      0x200006f4        0x0 D:/AppData/DevelopTool/GNU-Tools-ARM-Embedded/bin/../lib/gcc/arm-none-eabi/13.3.1/thumb/v7-m/nofp/crtbegin.o

.noncacheable   0x200006f4     0x1334 load address 0x0800ae6c
 .noncacheable  0x200006f4      0x334 CMakeFiles/STM32F1_CherryUSB_CubeIDE.elf.dir/Middlewares/CherryUSB/core/usbd_core.c.obj
                0x200006f4                g_usbd_core
 .noncacheable  0x20000a28     0x1000 CMakeFiles/STM32F1_CherryUSB_CubeIDE.elf.dir/Middlewares/CherryUSB/demo/cdc_acm_template.c.obj
                0x20000a28                write_buffer
                0x20001228                read_buffer
                0x20001a28                        . = ALIGN (0x4)

.bss            0x20001a28      0x558 load address 0x0800c1a0
                0x20001a28                        _sbss = .
                0x20001a28                        __bss_start__ = _sbss
 *(.bss)
 *(.bss*)
 .bss.completed.1
                0x20001a28        0x1 D:/AppData/DevelopTool/GNU-Tools-ARM-Embedded/bin/../lib/gcc/arm-none-eabi/13.3.1/thumb/v7-m/nofp/crtbegin.o
 *fill*         0x20001a29        0x3 
 .bss.object.0  0x20001a2c       0x18 D:/AppData/DevelopTool/GNU-Tools-ARM-Embedded/bin/../lib/gcc/arm-none-eabi/13.3.1/thumb/v7-m/nofp/crtbegin.o
 .bss.__sbrk_heap_end
                0x20001a44        0x4 CMakeFiles/STM32F1_CherryUSB_CubeIDE.elf.dir/Core/Src/sysmem.c.obj
 .bss.huart1    0x20001a48       0x48 CMakeFiles/STM32F1_CherryUSB_CubeIDE.elf.dir/Core/Src/usart.c.obj
                0x20001a48                huart1
 .bss.uwTick    0x20001a90        0x4 CMakeFiles/STM32F1_CherryUSB_CubeIDE.elf.dir/Drivers/STM32F1xx_HAL_Driver/Src/stm32f1xx_hal.c.obj
                0x20001a90                uwTick
 .bss.g_usbdev_bus
                0x20001a94        0x8 CMakeFiles/STM32F1_CherryUSB_CubeIDE.elf.dir/Middlewares/CherryUSB/core/usbd_core.c.obj
                0x20001a94                g_usbdev_bus
 .bss.dtr_enable
                0x20001a9c        0x1 CMakeFiles/STM32F1_CherryUSB_CubeIDE.elf.dir/Middlewares/CherryUSB/demo/cdc_acm_template.c.obj
                0x20001a9c                dtr_enable
 *fill*         0x20001a9d        0x3 
 .bss.intf1     0x20001aa0       0x1c CMakeFiles/STM32F1_CherryUSB_CubeIDE.elf.dir/Middlewares/CherryUSB/demo/cdc_acm_template.c.obj
 .bss.intf0     0x20001abc       0x1c CMakeFiles/STM32F1_CherryUSB_CubeIDE.elf.dir/Middlewares/CherryUSB/demo/cdc_acm_template.c.obj
 .bss.ep_tx_busy_flag
                0x20001ad8        0x1 CMakeFiles/STM32F1_CherryUSB_CubeIDE.elf.dir/Middlewares/CherryUSB/demo/cdc_acm_template.c.obj
                0x20001ad8                ep_tx_busy_flag
 *fill*         0x20001ad9        0x3 
 .bss.g_fsdev_udc
                0x20001adc      0x190 CMakeFiles/STM32F1_CherryUSB_CubeIDE.elf.dir/Middlewares/CherryUSB/port/fsdev/usb_dc_fsdev.c.obj
                0x20001adc                g_fsdev_udc
 .bss.__sf      0x20001c6c      0x138 D:/AppData/DevelopTool/GNU-Tools-ARM-Embedded/bin/../lib/gcc/arm-none-eabi/13.3.1/thumb/v7-m/nofp\libg.a(libc_a-findfp.o)
                0x20001c6c                __sf
 .bss.__stdio_exit_handler
                0x20001da4        0x4 D:/AppData/DevelopTool/GNU-Tools-ARM-Embedded/bin/../lib/gcc/arm-none-eabi/13.3.1/thumb/v7-m/nofp\libg.a(libc_a-findfp.o)
                0x20001da4                __stdio_exit_handler
 .bss.errno     0x20001da8        0x4 D:/AppData/DevelopTool/GNU-Tools-ARM-Embedded/bin/../lib/gcc/arm-none-eabi/13.3.1/thumb/v7-m/nofp\libg.a(libc_a-reent.o)
                0x20001da8                errno
 .bss.__lock___malloc_recursive_mutex
                0x20001dac        0x1 D:/AppData/DevelopTool/GNU-Tools-ARM-Embedded/bin/../lib/gcc/arm-none-eabi/13.3.1/thumb/v7-m/nofp\libg.a(libc_a-lock.o)
                0x20001dac                __lock___malloc_recursive_mutex
 *fill*         0x20001dad        0x3 
 .bss.__lock___atexit_recursive_mutex
                0x20001db0        0x1 D:/AppData/DevelopTool/GNU-Tools-ARM-Embedded/bin/../lib/gcc/arm-none-eabi/13.3.1/thumb/v7-m/nofp\libg.a(libc_a-lock.o)
                0x20001db0                __lock___atexit_recursive_mutex
 *fill*         0x20001db1        0x3 
 .bss.__lock___sfp_recursive_mutex
                0x20001db4        0x1 D:/AppData/DevelopTool/GNU-Tools-ARM-Embedded/bin/../lib/gcc/arm-none-eabi/13.3.1/thumb/v7-m/nofp\libg.a(libc_a-lock.o)
                0x20001db4                __lock___sfp_recursive_mutex
 *fill*         0x20001db5        0x3 
 .bss.__atexit  0x20001db8        0x4 D:/AppData/DevelopTool/GNU-Tools-ARM-Embedded/bin/../lib/gcc/arm-none-eabi/13.3.1/thumb/v7-m/nofp\libg.a(libc_a-__call_atexit.o)
                0x20001db8                __atexit
 .bss.__malloc_current_mallinfo
                0x20001dbc       0x28 D:/AppData/DevelopTool/GNU-Tools-ARM-Embedded/bin/../lib/gcc/arm-none-eabi/13.3.1/thumb/v7-m/nofp\libg.a(libc_a-mallocr.o)
                0x20001dbc                __malloc_current_mallinfo
 .bss.__malloc_max_total_mem
                0x20001de4        0x4 D:/AppData/DevelopTool/GNU-Tools-ARM-Embedded/bin/../lib/gcc/arm-none-eabi/13.3.1/thumb/v7-m/nofp\libg.a(libc_a-mallocr.o)
                0x20001de4                __malloc_max_total_mem
 .bss.__malloc_max_sbrked_mem
                0x20001de8        0x4 D:/AppData/DevelopTool/GNU-Tools-ARM-Embedded/bin/../lib/gcc/arm-none-eabi/13.3.1/thumb/v7-m/nofp\libg.a(libc_a-mallocr.o)
                0x20001de8                __malloc_max_sbrked_mem
 .bss.__malloc_top_pad
                0x20001dec        0x4 D:/AppData/DevelopTool/GNU-Tools-ARM-Embedded/bin/../lib/gcc/arm-none-eabi/13.3.1/thumb/v7-m/nofp\libg.a(libc_a-mallocr.o)
                0x20001dec                __malloc_top_pad
 .bss.__atexit0
                0x20001df0      0x190 D:/AppData/DevelopTool/GNU-Tools-ARM-Embedded/bin/../lib/gcc/arm-none-eabi/13.3.1/thumb/v7-m/nofp\libg.a(libc_a-__atexit.o)
                0x20001df0                __atexit0
 *(COMMON)
                0x20001f80                        . = ALIGN (0x4)
                0x20001f80                        _ebss = .
                0x20001f80                        __bss_end__ = _ebss

._user_heap_stack
                0x20001f80      0x600 load address 0x0800c1a0
                0x20001f80                        . = ALIGN (0x8)
                [!provide]                        PROVIDE (end = .)
                0x20001f80                        PROVIDE (_end = .)
                0x20002180                        . = (. + _Min_Heap_Size)
 *fill*         0x20001f80      0x200 
                0x20002580                        . = (. + _Min_Stack_Size)
 *fill*         0x20002180      0x400 
                0x20002580                        . = ALIGN (0x8)

/DISCARD/
 libc.a(*)
 libm.a(*)
 libgcc.a(*)

.ARM.attributes
                0x00000000       0x29
 *(.ARM.attributes)
 .ARM.attributes
                0x00000000       0x1d D:/AppData/DevelopTool/GNU-Tools-ARM-Embedded/bin/../lib/gcc/arm-none-eabi/13.3.1/thumb/v7-m/nofp/crti.o
 .ARM.attributes
                0x0000001d       0x2d D:/AppData/DevelopTool/GNU-Tools-ARM-Embedded/bin/../lib/gcc/arm-none-eabi/13.3.1/thumb/v7-m/nofp/crtbegin.o
 .ARM.attributes
                0x0000004a       0x2d CMakeFiles/STM32F1_CherryUSB_CubeIDE.elf.dir/Core/Src/gpio.c.obj
 .ARM.attributes
                0x00000077       0x2d CMakeFiles/STM32F1_CherryUSB_CubeIDE.elf.dir/Core/Src/main.c.obj
 .ARM.attributes
                0x000000a4       0x2d CMakeFiles/STM32F1_CherryUSB_CubeIDE.elf.dir/Core/Src/stm32f1xx_hal_msp.c.obj
 .ARM.attributes
                0x000000d1       0x2d CMakeFiles/STM32F1_CherryUSB_CubeIDE.elf.dir/Core/Src/stm32f1xx_it.c.obj
 .ARM.attributes
                0x000000fe       0x2d CMakeFiles/STM32F1_CherryUSB_CubeIDE.elf.dir/Core/Src/syscalls.c.obj
 .ARM.attributes
                0x0000012b       0x2d CMakeFiles/STM32F1_CherryUSB_CubeIDE.elf.dir/Core/Src/sysmem.c.obj
 .ARM.attributes
                0x00000158       0x2d CMakeFiles/STM32F1_CherryUSB_CubeIDE.elf.dir/Core/Src/system_stm32f1xx.c.obj
 .ARM.attributes
                0x00000185       0x2d CMakeFiles/STM32F1_CherryUSB_CubeIDE.elf.dir/Core/Src/usart.c.obj
 .ARM.attributes
                0x000001b2       0x21 CMakeFiles/STM32F1_CherryUSB_CubeIDE.elf.dir/Core/Startup/startup_stm32f103zetx.s.obj
 .ARM.attributes
                0x000001d3       0x2d CMakeFiles/STM32F1_CherryUSB_CubeIDE.elf.dir/Drivers/STM32F1xx_HAL_Driver/Src/stm32f1xx_hal.c.obj
 .ARM.attributes
                0x00000200       0x2d CMakeFiles/STM32F1_CherryUSB_CubeIDE.elf.dir/Drivers/STM32F1xx_HAL_Driver/Src/stm32f1xx_hal_cortex.c.obj
 .ARM.attributes
                0x0000022d       0x2d CMakeFiles/STM32F1_CherryUSB_CubeIDE.elf.dir/Drivers/STM32F1xx_HAL_Driver/Src/stm32f1xx_hal_dma.c.obj
 .ARM.attributes
                0x0000025a       0x2d CMakeFiles/STM32F1_CherryUSB_CubeIDE.elf.dir/Drivers/STM32F1xx_HAL_Driver/Src/stm32f1xx_hal_gpio.c.obj
 .ARM.attributes
                0x00000287       0x2d CMakeFiles/STM32F1_CherryUSB_CubeIDE.elf.dir/Drivers/STM32F1xx_HAL_Driver/Src/stm32f1xx_hal_rcc.c.obj
 .ARM.attributes
                0x000002b4       0x2d CMakeFiles/STM32F1_CherryUSB_CubeIDE.elf.dir/Drivers/STM32F1xx_HAL_Driver/Src/stm32f1xx_hal_rcc_ex.c.obj
 .ARM.attributes
                0x000002e1       0x2d CMakeFiles/STM32F1_CherryUSB_CubeIDE.elf.dir/Drivers/STM32F1xx_HAL_Driver/Src/stm32f1xx_hal_uart.c.obj
 .ARM.attributes
                0x0000030e       0x2d CMakeFiles/STM32F1_CherryUSB_CubeIDE.elf.dir/Middlewares/CherryUSB/class/cdc/usbd_cdc.c.obj
 .ARM.attributes
                0x0000033b       0x2d CMakeFiles/STM32F1_CherryUSB_CubeIDE.elf.dir/Middlewares/CherryUSB/core/usbd_core.c.obj
 .ARM.attributes
                0x00000368       0x2d CMakeFiles/STM32F1_CherryUSB_CubeIDE.elf.dir/Middlewares/CherryUSB/demo/cdc_acm_template.c.obj
 .ARM.attributes
                0x00000395       0x2d CMakeFiles/STM32F1_CherryUSB_CubeIDE.elf.dir/Middlewares/CherryUSB/port/fsdev/usb_dc_fsdev.c.obj
 .ARM.attributes
                0x000003c2       0x2d D:/AppData/DevelopTool/GNU-Tools-ARM-Embedded/bin/../lib/gcc/arm-none-eabi/13.3.1/thumb/v7-m/nofp\libg.a(libc_a-findfp.o)
 .ARM.attributes
                0x000003ef       0x2d D:/AppData/DevelopTool/GNU-Tools-ARM-Embedded/bin/../lib/gcc/arm-none-eabi/13.3.1/thumb/v7-m/nofp\libg.a(libc_a-fwalk.o)
 .ARM.attributes
                0x0000041c       0x2d D:/AppData/DevelopTool/GNU-Tools-ARM-Embedded/bin/../lib/gcc/arm-none-eabi/13.3.1/thumb/v7-m/nofp\libg.a(libc_a-printf.o)
 .ARM.attributes
                0x00000449       0x2d D:/AppData/DevelopTool/GNU-Tools-ARM-Embedded/bin/../lib/gcc/arm-none-eabi/13.3.1/thumb/v7-m/nofp\libg.a(libc_a-puts.o)
 .ARM.attributes
                0x00000476       0x2d D:/AppData/DevelopTool/GNU-Tools-ARM-Embedded/bin/../lib/gcc/arm-none-eabi/13.3.1/thumb/v7-m/nofp\libg.a(libc_a-stdio.o)
 .ARM.attributes
                0x000004a3       0x2d D:/AppData/DevelopTool/GNU-Tools-ARM-Embedded/bin/../lib/gcc/arm-none-eabi/13.3.1/thumb/v7-m/nofp\libg.a(libc_a-memset.o)
 .ARM.attributes
                0x000004d0       0x2d D:/AppData/DevelopTool/GNU-Tools-ARM-Embedded/bin/../lib/gcc/arm-none-eabi/13.3.1/thumb/v7-m/nofp\libg.a(libc_a-closer.o)
 .ARM.attributes
                0x000004fd       0x2d D:/AppData/DevelopTool/GNU-Tools-ARM-Embedded/bin/../lib/gcc/arm-none-eabi/13.3.1/thumb/v7-m/nofp\libg.a(libc_a-reent.o)
 .ARM.attributes
                0x0000052a       0x2d D:/AppData/DevelopTool/GNU-Tools-ARM-Embedded/bin/../lib/gcc/arm-none-eabi/13.3.1/thumb/v7-m/nofp\libg.a(libc_a-impure.o)
 .ARM.attributes
                0x00000557       0x2d D:/AppData/DevelopTool/GNU-Tools-ARM-Embedded/bin/../lib/gcc/arm-none-eabi/13.3.1/thumb/v7-m/nofp\libg.a(libc_a-lseekr.o)
 .ARM.attributes
                0x00000584       0x2d D:/AppData/DevelopTool/GNU-Tools-ARM-Embedded/bin/../lib/gcc/arm-none-eabi/13.3.1/thumb/v7-m/nofp\libg.a(libc_a-readr.o)
 .ARM.attributes
                0x000005b1       0x2d D:/AppData/DevelopTool/GNU-Tools-ARM-Embedded/bin/../lib/gcc/arm-none-eabi/13.3.1/thumb/v7-m/nofp\libg.a(libc_a-writer.o)
 .ARM.attributes
                0x000005de       0x2d D:/AppData/DevelopTool/GNU-Tools-ARM-Embedded/bin/../lib/gcc/arm-none-eabi/13.3.1/thumb/v7-m/nofp\libg.a(libc_a-errno.o)
 .ARM.attributes
                0x0000060b       0x2d D:/AppData/DevelopTool/GNU-Tools-ARM-Embedded/bin/../lib/gcc/arm-none-eabi/13.3.1/thumb/v7-m/nofp\libg.a(libc_a-init.o)
 .ARM.attributes
                0x00000638       0x2d D:/AppData/DevelopTool/GNU-Tools-ARM-Embedded/bin/../lib/gcc/arm-none-eabi/13.3.1/thumb/v7-m/nofp\libg.a(libc_a-lock.o)
 .ARM.attributes
                0x00000665       0x1b D:/AppData/DevelopTool/GNU-Tools-ARM-Embedded/bin/../lib/gcc/arm-none-eabi/13.3.1/thumb/v7-m/nofp\libg.a(libc_a-memcpy.o)
 .ARM.attributes
                0x00000680       0x2d D:/AppData/DevelopTool/GNU-Tools-ARM-Embedded/bin/../lib/gcc/arm-none-eabi/13.3.1/thumb/v7-m/nofp\libg.a(libc_a-strlen-stub.o)
 .ARM.attributes
                0x000006ad       0x2d D:/AppData/DevelopTool/GNU-Tools-ARM-Embedded/bin/../lib/gcc/arm-none-eabi/13.3.1/thumb/v7-m/nofp\libg.a(libc_a-__call_atexit.o)
 .ARM.attributes
                0x000006da       0x2d D:/AppData/DevelopTool/GNU-Tools-ARM-Embedded/bin/../lib/gcc/arm-none-eabi/13.3.1/thumb/v7-m/nofp\libg.a(libc_a-atexit.o)
 .ARM.attributes
                0x00000707       0x2d D:/AppData/DevelopTool/GNU-Tools-ARM-Embedded/bin/../lib/gcc/arm-none-eabi/13.3.1/thumb/v7-m/nofp\libg.a(libc_a-freer.o)
 .ARM.attributes
                0x00000734       0x2d D:/AppData/DevelopTool/GNU-Tools-ARM-Embedded/bin/../lib/gcc/arm-none-eabi/13.3.1/thumb/v7-m/nofp\libg.a(libc_a-mallocr.o)
 .ARM.attributes
                0x00000761       0x2d D:/AppData/DevelopTool/GNU-Tools-ARM-Embedded/bin/../lib/gcc/arm-none-eabi/13.3.1/thumb/v7-m/nofp\libg.a(libc_a-mlock.o)
 .ARM.attributes
                0x0000078e       0x2d D:/AppData/DevelopTool/GNU-Tools-ARM-Embedded/bin/../lib/gcc/arm-none-eabi/13.3.1/thumb/v7-m/nofp\libg.a(libc_a-vfprintf.o)
 .ARM.attributes
                0x000007bb       0x2d D:/AppData/DevelopTool/GNU-Tools-ARM-Embedded/bin/../lib/gcc/arm-none-eabi/13.3.1/thumb/v7-m/nofp\libg.a(libc_a-sprint_r.o)
 .ARM.attributes
                0x000007e8       0x2d D:/AppData/DevelopTool/GNU-Tools-ARM-Embedded/bin/../lib/gcc/arm-none-eabi/13.3.1/thumb/v7-m/nofp\libg.a(libc_a-fclose.o)
 .ARM.attributes
                0x00000815       0x2d D:/AppData/DevelopTool/GNU-Tools-ARM-Embedded/bin/../lib/gcc/arm-none-eabi/13.3.1/thumb/v7-m/nofp\libg.a(libc_a-fflush.o)
 .ARM.attributes
                0x00000842       0x2d D:/AppData/DevelopTool/GNU-Tools-ARM-Embedded/bin/../lib/gcc/arm-none-eabi/13.3.1/thumb/v7-m/nofp\libg.a(libc_a-fvwrite.o)
 .ARM.attributes
                0x0000086f       0x2d D:/AppData/DevelopTool/GNU-Tools-ARM-Embedded/bin/../lib/gcc/arm-none-eabi/13.3.1/thumb/v7-m/nofp\libg.a(libc_a-wsetup.o)
 .ARM.attributes
                0x0000089c       0x2d D:/AppData/DevelopTool/GNU-Tools-ARM-Embedded/bin/../lib/gcc/arm-none-eabi/13.3.1/thumb/v7-m/nofp\libg.a(libc_a-memmove.o)
 .ARM.attributes
                0x000008c9       0x2d D:/AppData/DevelopTool/GNU-Tools-ARM-Embedded/bin/../lib/gcc/arm-none-eabi/13.3.1/thumb/v7-m/nofp\libg.a(libc_a-strncpy.o)
 .ARM.attributes
                0x000008f6       0x2d D:/AppData/DevelopTool/GNU-Tools-ARM-Embedded/bin/../lib/gcc/arm-none-eabi/13.3.1/thumb/v7-m/nofp\libg.a(libc_a-locale.o)
 .ARM.attributes
                0x00000923       0x2d D:/AppData/DevelopTool/GNU-Tools-ARM-Embedded/bin/../lib/gcc/arm-none-eabi/13.3.1/thumb/v7-m/nofp\libg.a(libc_a-localeconv.o)
 .ARM.attributes
                0x00000950       0x2d D:/AppData/DevelopTool/GNU-Tools-ARM-Embedded/bin/../lib/gcc/arm-none-eabi/13.3.1/thumb/v7-m/nofp\libg.a(libc_a-sbrkr.o)
 .ARM.attributes
                0x0000097d       0x2d D:/AppData/DevelopTool/GNU-Tools-ARM-Embedded/bin/../lib/gcc/arm-none-eabi/13.3.1/thumb/v7-m/nofp\libg.a(libc_a-fini.o)
 .ARM.attributes
                0x000009aa       0x2d D:/AppData/DevelopTool/GNU-Tools-ARM-Embedded/bin/../lib/gcc/arm-none-eabi/13.3.1/thumb/v7-m/nofp\libg.a(libc_a-sysconf.o)
 .ARM.attributes
                0x000009d7       0x2d D:/AppData/DevelopTool/GNU-Tools-ARM-Embedded/bin/../lib/gcc/arm-none-eabi/13.3.1/thumb/v7-m/nofp\libg.a(libc_a-memchr-stub.o)
 .ARM.attributes
                0x00000a04       0x2d D:/AppData/DevelopTool/GNU-Tools-ARM-Embedded/bin/../lib/gcc/arm-none-eabi/13.3.1/thumb/v7-m/nofp\libg.a(libm_a-s_frexp.o)
 .ARM.attributes
                0x00000a31       0x2d D:/AppData/DevelopTool/GNU-Tools-ARM-Embedded/bin/../lib/gcc/arm-none-eabi/13.3.1/thumb/v7-m/nofp\libg.a(libc_a-__atexit.o)
 .ARM.attributes
                0x00000a5e       0x2d D:/AppData/DevelopTool/GNU-Tools-ARM-Embedded/bin/../lib/gcc/arm-none-eabi/13.3.1/thumb/v7-m/nofp\libg.a(libc_a-dtoa.o)
 .ARM.attributes
                0x00000a8b       0x2d D:/AppData/DevelopTool/GNU-Tools-ARM-Embedded/bin/../lib/gcc/arm-none-eabi/13.3.1/thumb/v7-m/nofp\libg.a(libc_a-mbtowc_r.o)
 .ARM.attributes
                0x00000ab8       0x2d D:/AppData/DevelopTool/GNU-Tools-ARM-Embedded/bin/../lib/gcc/arm-none-eabi/13.3.1/thumb/v7-m/nofp\libg.a(libc_a-mprec.o)
 .ARM.attributes
                0x00000ae5       0x2d D:/AppData/DevelopTool/GNU-Tools-ARM-Embedded/bin/../lib/gcc/arm-none-eabi/13.3.1/thumb/v7-m/nofp\libg.a(libc_a-reallocr.o)
 .ARM.attributes
                0x00000b12       0x2d D:/AppData/DevelopTool/GNU-Tools-ARM-Embedded/bin/../lib/gcc/arm-none-eabi/13.3.1/thumb/v7-m/nofp\libg.a(libc_a-wctomb_r.o)
 .ARM.attributes
                0x00000b3f       0x2d D:/AppData/DevelopTool/GNU-Tools-ARM-Embedded/bin/../lib/gcc/arm-none-eabi/13.3.1/thumb/v7-m/nofp\libg.a(libc_a-wcrtomb.o)
 .ARM.attributes
                0x00000b6c       0x2d D:/AppData/DevelopTool/GNU-Tools-ARM-Embedded/bin/../lib/gcc/arm-none-eabi/13.3.1/thumb/v7-m/nofp\libg.a(libc_a-wcsrtombs.o)
 .ARM.attributes
                0x00000b99       0x2d D:/AppData/DevelopTool/GNU-Tools-ARM-Embedded/bin/../lib/gcc/arm-none-eabi/13.3.1/thumb/v7-m/nofp\libg.a(libc_a-ctype_.o)
 .ARM.attributes
                0x00000bc6       0x2d D:/AppData/DevelopTool/GNU-Tools-ARM-Embedded/bin/../lib/gcc/arm-none-eabi/13.3.1/thumb/v7-m/nofp\libg.a(libc_a-makebuf.o)
 .ARM.attributes
                0x00000bf3       0x2d D:/AppData/DevelopTool/GNU-Tools-ARM-Embedded/bin/../lib/gcc/arm-none-eabi/13.3.1/thumb/v7-m/nofp\libg.a(libc_a-fstatr.o)
 .ARM.attributes
                0x00000c20       0x2d D:/AppData/DevelopTool/GNU-Tools-ARM-Embedded/bin/../lib/gcc/arm-none-eabi/13.3.1/thumb/v7-m/nofp\libg.a(libc_a-isattyr.o)
 .ARM.attributes
                0x00000c4d       0x2d D:/AppData/DevelopTool/GNU-Tools-ARM-Embedded/bin/../lib/gcc/arm-none-eabi/13.3.1/thumb/v7-m/nofp\libg.a(libc_a-assert.o)
 .ARM.attributes
                0x00000c7a       0x2d D:/AppData/DevelopTool/GNU-Tools-ARM-Embedded/bin/../lib/gcc/arm-none-eabi/13.3.1/thumb/v7-m/nofp\libg.a(libc_a-callocr.o)
 .ARM.attributes
                0x00000ca7       0x2d D:/AppData/DevelopTool/GNU-Tools-ARM-Embedded/bin/../lib/gcc/arm-none-eabi/13.3.1/thumb/v7-m/nofp\libg.a(libc_a-wcsnrtombs.o)
 .ARM.attributes
                0x00000cd4       0x2d D:/AppData/DevelopTool/GNU-Tools-ARM-Embedded/bin/../lib/gcc/arm-none-eabi/13.3.1/thumb/v7-m/nofp\libg.a(libc_a-fiprintf.o)
 .ARM.attributes
                0x00000d01       0x2d D:/AppData/DevelopTool/GNU-Tools-ARM-Embedded/bin/../lib/gcc/arm-none-eabi/13.3.1/thumb/v7-m/nofp\libg.a(libc_a-vfiprintf.o)
 .ARM.attributes
                0x00000d2e       0x2d D:/AppData/DevelopTool/GNU-Tools-ARM-Embedded/bin/../lib/gcc/arm-none-eabi/13.3.1/thumb/v7-m/nofp\libg.a(libc_a-abort.o)
 .ARM.attributes
                0x00000d5b       0x2d D:/AppData/DevelopTool/GNU-Tools-ARM-Embedded/bin/../lib/gcc/arm-none-eabi/13.3.1/thumb/v7-m/nofp\libg.a(libc_a-signal.o)
 .ARM.attributes
                0x00000d88       0x2d D:/AppData/DevelopTool/GNU-Tools-ARM-Embedded/bin/../lib/gcc/arm-none-eabi/13.3.1/thumb/v7-m/nofp\libg.a(libc_a-signalr.o)
 .ARM.attributes
                0x00000db5       0x1d D:/AppData/DevelopTool/GNU-Tools-ARM-Embedded/bin/../lib/gcc/arm-none-eabi/13.3.1/thumb/v7-m/nofp\libgcc.a(_arm_addsubdf3.o)
 .ARM.attributes
                0x00000dd2       0x1d D:/AppData/DevelopTool/GNU-Tools-ARM-Embedded/bin/../lib/gcc/arm-none-eabi/13.3.1/thumb/v7-m/nofp\libgcc.a(_arm_muldivdf3.o)
 .ARM.attributes
                0x00000def       0x1d D:/AppData/DevelopTool/GNU-Tools-ARM-Embedded/bin/../lib/gcc/arm-none-eabi/13.3.1/thumb/v7-m/nofp\libgcc.a(_arm_cmpdf2.o)
 .ARM.attributes
                0x00000e0c       0x1d D:/AppData/DevelopTool/GNU-Tools-ARM-Embedded/bin/../lib/gcc/arm-none-eabi/13.3.1/thumb/v7-m/nofp\libgcc.a(_arm_unorddf2.o)
 .ARM.attributes
                0x00000e29       0x1d D:/AppData/DevelopTool/GNU-Tools-ARM-Embedded/bin/../lib/gcc/arm-none-eabi/13.3.1/thumb/v7-m/nofp\libgcc.a(_arm_fixdfsi.o)
 .ARM.attributes
                0x00000e46       0x2d D:/AppData/DevelopTool/GNU-Tools-ARM-Embedded/bin/../lib/gcc/arm-none-eabi/13.3.1/thumb/v7-m/nofp/crtend.o
 .ARM.attributes
                0x00000e73       0x1d D:/AppData/DevelopTool/GNU-Tools-ARM-Embedded/bin/../lib/gcc/arm-none-eabi/13.3.1/thumb/v7-m/nofp/crtn.o
OUTPUT(STM32F1_CherryUSB_CubeIDE.elf elf32-littlearm)
LOAD linker stubs
LOAD D:/AppData/DevelopTool/GNU-Tools-ARM-Embedded/bin/../lib/gcc/arm-none-eabi/13.3.1/thumb/v7-m/nofp\libc.a
LOAD D:/AppData/DevelopTool/GNU-Tools-ARM-Embedded/bin/../lib/gcc/arm-none-eabi/13.3.1/thumb/v7-m/nofp\libm.a
LOAD D:/AppData/DevelopTool/GNU-Tools-ARM-Embedded/bin/../lib/gcc/arm-none-eabi/13.3.1/thumb/v7-m/nofp\libgcc.a

.debug_info     0x00000000     0xd809
 .debug_info    0x00000000      0x14c CMakeFiles/STM32F1_CherryUSB_CubeIDE.elf.dir/Core/Src/gpio.c.obj
 .debug_info    0x0000014c      0x77d CMakeFiles/STM32F1_CherryUSB_CubeIDE.elf.dir/Core/Src/main.c.obj
 .debug_info    0x000008c9      0x1f4 CMakeFiles/STM32F1_CherryUSB_CubeIDE.elf.dir/Core/Src/stm32f1xx_hal_msp.c.obj
 .debug_info    0x00000abd      0x647 CMakeFiles/STM32F1_CherryUSB_CubeIDE.elf.dir/Core/Src/stm32f1xx_it.c.obj
 .debug_info    0x00001104      0x789 CMakeFiles/STM32F1_CherryUSB_CubeIDE.elf.dir/Core/Src/syscalls.c.obj
 .debug_info    0x0000188d      0x171 CMakeFiles/STM32F1_CherryUSB_CubeIDE.elf.dir/Core/Src/sysmem.c.obj
 .debug_info    0x000019fe      0x22d CMakeFiles/STM32F1_CherryUSB_CubeIDE.elf.dir/Core/Src/system_stm32f1xx.c.obj
 .debug_info    0x00001c2b      0xac9 CMakeFiles/STM32F1_CherryUSB_CubeIDE.elf.dir/Core/Src/usart.c.obj
 .debug_info    0x000026f4       0x30 CMakeFiles/STM32F1_CherryUSB_CubeIDE.elf.dir/Core/Startup/startup_stm32f103zetx.s.obj
 .debug_info    0x00002724      0x808 CMakeFiles/STM32F1_CherryUSB_CubeIDE.elf.dir/Drivers/STM32F1xx_HAL_Driver/Src/stm32f1xx_hal.c.obj
 .debug_info    0x00002f2c      0xd3f CMakeFiles/STM32F1_CherryUSB_CubeIDE.elf.dir/Drivers/STM32F1xx_HAL_Driver/Src/stm32f1xx_hal_cortex.c.obj
 .debug_info    0x00003c6b      0x7f2 CMakeFiles/STM32F1_CherryUSB_CubeIDE.elf.dir/Drivers/STM32F1xx_HAL_Driver/Src/stm32f1xx_hal_dma.c.obj
 .debug_info    0x0000445d      0x604 CMakeFiles/STM32F1_CherryUSB_CubeIDE.elf.dir/Drivers/STM32F1xx_HAL_Driver/Src/stm32f1xx_hal_gpio.c.obj
 .debug_info    0x00004a61      0x9c7 CMakeFiles/STM32F1_CherryUSB_CubeIDE.elf.dir/Drivers/STM32F1xx_HAL_Driver/Src/stm32f1xx_hal_rcc.c.obj
 .debug_info    0x00005428      0x45b CMakeFiles/STM32F1_CherryUSB_CubeIDE.elf.dir/Drivers/STM32F1xx_HAL_Driver/Src/stm32f1xx_hal_rcc_ex.c.obj
 .debug_info    0x00005883     0x3f85 CMakeFiles/STM32F1_CherryUSB_CubeIDE.elf.dir/Drivers/STM32F1xx_HAL_Driver/Src/stm32f1xx_hal_uart.c.obj
 .debug_info    0x00009808      0x5c9 CMakeFiles/STM32F1_CherryUSB_CubeIDE.elf.dir/Middlewares/CherryUSB/class/cdc/usbd_cdc.c.obj
 .debug_info    0x00009dd1     0x1f57 CMakeFiles/STM32F1_CherryUSB_CubeIDE.elf.dir/Middlewares/CherryUSB/core/usbd_core.c.obj
 .debug_info    0x0000bd28      0x817 CMakeFiles/STM32F1_CherryUSB_CubeIDE.elf.dir/Middlewares/CherryUSB/demo/cdc_acm_template.c.obj
 .debug_info    0x0000c53f     0x12ca CMakeFiles/STM32F1_CherryUSB_CubeIDE.elf.dir/Middlewares/CherryUSB/port/fsdev/usb_dc_fsdev.c.obj

.debug_abbrev   0x00000000     0x27eb
 .debug_abbrev  0x00000000       0xb7 CMakeFiles/STM32F1_CherryUSB_CubeIDE.elf.dir/Core/Src/gpio.c.obj
 .debug_abbrev  0x000000b7      0x211 CMakeFiles/STM32F1_CherryUSB_CubeIDE.elf.dir/Core/Src/main.c.obj
 .debug_abbrev  0x000002c8       0xed CMakeFiles/STM32F1_CherryUSB_CubeIDE.elf.dir/Core/Src/stm32f1xx_hal_msp.c.obj
 .debug_abbrev  0x000003b5      0x1a8 CMakeFiles/STM32F1_CherryUSB_CubeIDE.elf.dir/Core/Src/stm32f1xx_it.c.obj
 .debug_abbrev  0x0000055d      0x1c1 CMakeFiles/STM32F1_CherryUSB_CubeIDE.elf.dir/Core/Src/syscalls.c.obj
 .debug_abbrev  0x0000071e       0xea CMakeFiles/STM32F1_CherryUSB_CubeIDE.elf.dir/Core/Src/sysmem.c.obj
 .debug_abbrev  0x00000808      0x143 CMakeFiles/STM32F1_CherryUSB_CubeIDE.elf.dir/Core/Src/system_stm32f1xx.c.obj
 .debug_abbrev  0x0000094b      0x256 CMakeFiles/STM32F1_CherryUSB_CubeIDE.elf.dir/Core/Src/usart.c.obj
 .debug_abbrev  0x00000ba1       0x24 CMakeFiles/STM32F1_CherryUSB_CubeIDE.elf.dir/Core/Startup/startup_stm32f103zetx.s.obj
 .debug_abbrev  0x00000bc5      0x22d CMakeFiles/STM32F1_CherryUSB_CubeIDE.elf.dir/Drivers/STM32F1xx_HAL_Driver/Src/stm32f1xx_hal.c.obj
 .debug_abbrev  0x00000df2      0x36d CMakeFiles/STM32F1_CherryUSB_CubeIDE.elf.dir/Drivers/STM32F1xx_HAL_Driver/Src/stm32f1xx_hal_cortex.c.obj
 .debug_abbrev  0x0000115f      0x244 CMakeFiles/STM32F1_CherryUSB_CubeIDE.elf.dir/Drivers/STM32F1xx_HAL_Driver/Src/stm32f1xx_hal_dma.c.obj
 .debug_abbrev  0x000013a3      0x1f7 CMakeFiles/STM32F1_CherryUSB_CubeIDE.elf.dir/Drivers/STM32F1xx_HAL_Driver/Src/stm32f1xx_hal_gpio.c.obj
 .debug_abbrev  0x0000159a      0x2a0 CMakeFiles/STM32F1_CherryUSB_CubeIDE.elf.dir/Drivers/STM32F1xx_HAL_Driver/Src/stm32f1xx_hal_rcc.c.obj
 .debug_abbrev  0x0000183a      0x1d8 CMakeFiles/STM32F1_CherryUSB_CubeIDE.elf.dir/Drivers/STM32F1xx_HAL_Driver/Src/stm32f1xx_hal_rcc_ex.c.obj